 ┬╖------------------------|--------------------------------|--------------------------------┬╖
 |  Solc version: 0.8.24  ┬╖  Optimizer enabled: true       ┬╖  Runs: 200                     Γöé
 ┬╖┬╖┬╖┬╖┬╖┬╖┬╖┬╖┬╖┬╖┬╖┬╖┬╖┬╖┬╖┬╖┬╖┬╖┬╖┬╖┬╖┬╖┬╖┬╖┬╖|┬╖┬╖┬╖┬╖┬╖┬╖┬╖┬╖┬╖┬╖┬╖┬╖┬╖┬╖┬╖┬╖┬╖┬╖┬╖┬╖┬╖┬╖┬╖┬╖┬╖┬╖┬╖┬╖┬╖┬╖┬╖┬╖|┬╖┬╖┬╖┬╖┬╖┬╖┬╖┬╖┬╖┬╖┬╖┬╖┬╖┬╖┬╖┬╖┬╖┬╖┬╖┬╖┬╖┬╖┬╖┬╖┬╖┬╖┬╖┬╖┬╖┬╖┬╖┬╖┬╖
 |  Contract Name         ┬╖  Deployed size (KiB) (change)  ┬╖  Initcode size (KiB) (change)  Γöé
 ┬╖┬╖┬╖┬╖┬╖┬╖┬╖┬╖┬╖┬╖┬╖┬╖┬╖┬╖┬╖┬╖┬╖┬╖┬╖┬╖┬╖┬╖┬╖┬╖┬╖|┬╖┬╖┬╖┬╖┬╖┬╖┬╖┬╖┬╖┬╖┬╖┬╖┬╖┬╖┬╖┬╖┬╖┬╖┬╖┬╖┬╖┬╖┬╖┬╖┬╖┬╖┬╖┬╖┬╖┬╖┬╖┬╖|┬╖┬╖┬╖┬╖┬╖┬╖┬╖┬╖┬╖┬╖┬╖┬╖┬╖┬╖┬╖┬╖┬╖┬╖┬╖┬╖┬╖┬╖┬╖┬╖┬╖┬╖┬╖┬╖┬╖┬╖┬╖┬╖┬╖
 |  B3TRRewards           ┬╖                 6.270 (0.000)  ┬╖                 7.287 (0.000)  Γöé
 ┬╖┬╖┬╖┬╖┬╖┬╖┬╖┬╖┬╖┬╖┬╖┬╖┬╖┬╖┬╖┬╖┬╖┬╖┬╖┬╖┬╖┬╖┬╖┬╖┬╖|┬╖┬╖┬╖┬╖┬╖┬╖┬╖┬╖┬╖┬╖┬╖┬╖┬╖┬╖┬╖┬╖┬╖┬╖┬╖┬╖┬╖┬╖┬╖┬╖┬╖┬╖┬╖┬╖┬╖┬╖┬╖┬╖|┬╖┬╖┬╖┬╖┬╖┬╖┬╖┬╖┬╖┬╖┬╖┬╖┬╖┬╖┬╖┬╖┬╖┬╖┬╖┬╖┬╖┬╖┬╖┬╖┬╖┬╖┬╖┬╖┬╖┬╖┬╖┬╖┬╖
 |  DeathVerifier         ┬╖                 7.855 (0.000)  ┬╖                 8.681 (0.000)  Γöé
 ┬╖┬╖┬╖┬╖┬╖┬╖┬╖┬╖┬╖┬╖┬╖┬╖┬╖┬╖┬╖┬╖┬╖┬╖┬╖┬╖┬╖┬╖┬╖┬╖┬╖|┬╖┬╖┬╖┬╖┬╖┬╖┬╖┬╖┬╖┬╖┬╖┬╖┬╖┬╖┬╖┬╖┬╖┬╖┬╖┬╖┬╖┬╖┬╖┬╖┬╖┬╖┬╖┬╖┬╖┬╖┬╖┬╖|┬╖┬╖┬╖┬╖┬╖┬╖┬╖┬╖┬╖┬╖┬╖┬╖┬╖┬╖┬╖┬╖┬╖┬╖┬╖┬╖┬╖┬╖┬╖┬╖┬╖┬╖┬╖┬╖┬╖┬╖┬╖┬╖┬╖
 |  MockDeathVerifier     ┬╖                 0.406 (0.000)  ┬╖                 0.434 (0.000)  Γöé
 ┬╖┬╖┬╖┬╖┬╖┬╖┬╖┬╖┬╖┬╖┬╖┬╖┬╖┬╖┬╖┬╖┬╖┬╖┬╖┬╖┬╖┬╖┬╖┬╖┬╖|┬╖┬╖┬╖┬╖┬╖┬╖┬╖┬╖┬╖┬╖┬╖┬╖┬╖┬╖┬╖┬╖┬╖┬╖┬╖┬╖┬╖┬╖┬╖┬╖┬╖┬╖┬╖┬╖┬╖┬╖┬╖┬╖|┬╖┬╖┬╖┬╖┬╖┬╖┬╖┬╖┬╖┬╖┬╖┬╖┬╖┬╖┬╖┬╖┬╖┬╖┬╖┬╖┬╖┬╖┬╖┬╖┬╖┬╖┬╖┬╖┬╖┬╖┬╖┬╖┬╖
 |  MultiSigWallet        ┬╖                 8.105 (0.000)  ┬╖                10.063 (0.000)  Γöé
 ┬╖┬╖┬╖┬╖┬╖┬╖┬╖┬╖┬╖┬╖┬╖┬╖┬╖┬╖┬╖┬╖┬╖┬╖┬╖┬╖┬╖┬╖┬╖┬╖┬╖|┬╖┬╖┬╖┬╖┬╖┬╖┬╖┬╖┬╖┬╖┬╖┬╖┬╖┬╖┬╖┬╖┬╖┬╖┬╖┬╖┬╖┬╖┬╖┬╖┬╖┬╖┬╖┬╖┬╖┬╖┬╖┬╖|┬╖┬╖┬╖┬╖┬╖┬╖┬╖┬╖┬╖┬╖┬╖┬╖┬╖┬╖┬╖┬╖┬╖┬╖┬╖┬╖┬╖┬╖┬╖┬╖┬╖┬╖┬╖┬╖┬╖┬╖┬╖┬╖┬╖
 |  OBOL                  ┬╖                 8.836 (0.000)  ┬╖                10.439 (0.000)  Γöé
 ┬╖┬╖┬╖┬╖┬╖┬╖┬╖┬╖┬╖┬╖┬╖┬╖┬╖┬╖┬╖┬╖┬╖┬╖┬╖┬╖┬╖┬╖┬╖┬╖┬╖|┬╖┬╖┬╖┬╖┬╖┬╖┬╖┬╖┬╖┬╖┬╖┬╖┬╖┬╖┬╖┬╖┬╖┬╖┬╖┬╖┬╖┬╖┬╖┬╖┬╖┬╖┬╖┬╖┬╖┬╖┬╖┬╖|┬╖┬╖┬╖┬╖┬╖┬╖┬╖┬╖┬╖┬╖┬╖┬╖┬╖┬╖┬╖┬╖┬╖┬╖┬╖┬╖┬╖┬╖┬╖┬╖┬╖┬╖┬╖┬╖┬╖┬╖┬╖┬╖┬╖
 |  Sarcophagus           ┬╖                21.912 (0.000)  ┬╖                22.960 (0.000)  Γöé
 ┬╖------------------------|--------------------------------|--------------------------------┬╖


  Bonus System
Age: 65, Life Expectancy: 80
Expected: Carbon Offset
Age Difference: 15 years
Bonus: 1500.0 B3TR
Status: Γ£à PASS
------------------------------
Age: 80, Life Expectancy: 80
Expected: Legacy
Age Difference: 0 years
Bonus: 100.0 B3TR
Status: Γ£à PASS
------------------------------
Age: 85, Life Expectancy: 80
Expected: Legacy
Age Difference: 5 years
Bonus: 200.0 B3TR
Status: Γ£à PASS
------------------------------
Age: 90, Life Expectancy: 80
Expected: Legacy
Age Difference: 10 years
Bonus: 300.0 B3TR
Status: Γ£à PASS
------------------------------
Age: 50, Life Expectancy: 80
Expected: Carbon Offset
Age Difference: 30 years
Bonus: 3000.0 B3TR
Status: Γ£à PASS
------------------------------
    Γ£ö should calculate bonuses correctly for various scenarios (45ms)

  Debug Test
Deploying mockVTHO...
Deploying mockB3TR...
Deploying OBOL...
Deploying deathVerifier...
Deploying mockGLO...
Deploying Sarcophagus...
Sarcophagus deployed successfully at: 0xB7f8BC63BbcaD18155201308C8f3540b07f84F5e
    Γ£ö Should deploy Sarcophagus (211ms)

  GLO Integration and Token Conversion
    GLO Integration
GLO address in Sarcophagus: 0x0B306BF915C4d645ff596e518fAf3F9669b97016
MockGLO address: 0x0B306BF915C4d645ff596e518fAf3F9669b97016
user1 GLO allowance: 1000000000000000000000
user1 GLO balance: 1000000000000000000000
      1) Should allow users to add GLO tokens to vault
GLO address in Sarcophagus: 0x09635F643e140090A9A8Dcd712eD6285858ceBef
MockGLO address: 0x09635F643e140090A9A8Dcd712eD6285858ceBef
      2) Should include GLO in inheritance distribution
GLO address in Sarcophagus: 0x70e0bA845a1A0F2DA3359C97E0285013525FFC49
MockGLO address: 0x70e0bA845a1A0F2DA3359C97E0285013525FFC49
      3) Should track GLO in total vault value
    Token Conversion
GLO address in Sarcophagus: 0xb7278A61aa25c888815aFC32Ad3cC52fF24fE575
MockGLO address: 0xb7278A61aa25c888815aFC32Ad3cC52fF24fE575
      4) "before each" hook for "Should convert VET to VTHO using price oracle"
    Price Oracle Integration
GLO address in Sarcophagus: 0x922D6956C99E12DFeB3224DEA977D0939758A1Fe
MockGLO address: 0x922D6956C99E12DFeB3224DEA977D0939758A1Fe
      5) Should get token prices correctly
GLO address in Sarcophagus: 0x8198f5d8F8CfFE8f9C413d98a0A55aEB8ab9FbB7
MockGLO address: 0x8198f5d8F8CfFE8f9C413d98a0A55aEB8ab9FbB7
      6) Should check conversion support correctly
GLO address in Sarcophagus: 0x1c85638e118b37167e9298c2268758e058DdfDA0
MockGLO address: 0x1c85638e118b37167e9298c2268758e058DdfDA0
      7) Should get conversion rates correctly
    Admin Functions
GLO address in Sarcophagus: 0xe8D2A1E88c91DCd5433208d4152Cc4F399a7e91d
MockGLO address: 0xe8D2A1E88c91DCd5433208d4152Cc4F399a7e91d
      Γ£ö Should allow admin to set price oracle (72ms)
GLO address in Sarcophagus: 0xA7c59f010700930003b33aB25a7a0679C860f29c
MockGLO address: 0xA7c59f010700930003b33aB25a7a0679C860f29c
      Γ£ö Should fail when non-admin tries to set price oracle (82ms)
    Edge Cases
GLO address in Sarcophagus: 0x525C7063E7C20997BaaE9bDa922159152D0e8417
MockGLO address: 0x525C7063E7C20997BaaE9bDa922159152D0e8417
      Γ£ö Should handle zero amount conversions
GLO address in Sarcophagus: 0xCA8c8688914e0F7096c920146cd0Ad85cD7Ae8b9
MockGLO address: 0xCA8c8688914e0F7096c920146cd0Ad85cD7Ae8b9
      Γ£ö Should handle same token conversion
GLO address in Sarcophagus: 0x6C2d83262fF84cBaDb3e416D527403135D757892
MockGLO address: 0x6C2d83262fF84cBaDb3e416D527403135D757892
      Γ£ö Should handle minimum conversion amount

  Hybrid OBOL Earning System
    Initial Setup
      Γ£ö Should deploy contracts correctly
      8) Should have correct tokenomics
      Γ£ö Should have correct earning rates
    Initial Deposit Bonus
      Γ£ö Should give initial bonus on first deposit
      Γ£ö Should give initial bonus for token deposits
    Continuous Earning
      Γ£ö Should start continuous earning after deposit
      Γ£ö Should earn daily rewards
      Γ£ö Should earn bonus rate after 1 year
      Γ£ö Should accumulate rewards over multiple days
    Hybrid System Integration
      Γ£ö Should give both initial bonus and continuous rewards
      Γ£ö Should handle multiple deposits correctly
    OBOL Token Locking
      Γ£ö Should allow locking OBOL tokens
Skipping OBOL inheritance test - insufficient balance
      Γ£ö Should include locked OBOL in inheritance
    Edge Cases and Security
      Γ£ö Should not allow claiming rewards without sarcophagus
      Γ£ö Should not allow claiming rewards after death
      Γ£ö Should handle zero deposits correctly
    Reward Supply Limits
      Γ£ö Should not exceed reward supply

  MultiSigWallet
    Deployment
      Γ£ö Should deploy with correct initial configuration
      Γ£ö Should set up signers correctly
      Γ£ö Should grant correct roles
    Transaction Management
      Γ£ö Should submit transaction successfully
      Γ£ö Should confirm transaction
      Γ£ö Should revoke confirmation
      Γ£ö Should execute transaction after timelock
      Γ£ö Should not execute transaction before timelock
      Γ£ö Should not execute transaction with insufficient confirmations
    Signer Management
      Γ£ö Should add new signer
      9) Should remove signer
      Γ£ö Should update signer weight
      Γ£ö Should update required weight
    Access Control
      Γ£ö Should only allow signers to submit transactions
      Γ£ö Should only allow signers to confirm transactions
      Γ£ö Should only allow admin to add signers
      Γ£ö Should only allow admin to remove signers
    Edge Cases
      Γ£ö Should not allow duplicate confirmations
      Γ£ö Should not allow revoking unconfirmed transaction
      Γ£ö Should not allow executing already executed transaction
    Emergency Functions
      Γ£ö Should allow admin to pause
      Γ£ö Should allow admin to unpause
      Γ£ö Should allow emergency ETH withdrawal

  NFT Integration Tests
    NFT Locking with Beneficiary Assignment
      10) "before each" hook for "Should lock NFT with beneficiary assignment"

  NFT Locking Comprehensive Tests
    NFT Locking Basic Functionality
      Γ£ö Should lock NFT successfully
      Γ£ö Should lock multiple NFTs to different beneficiaries (48ms)
      Γ£ö Should enforce value caps
      Γ£ö Should prevent locking non-whitelisted NFTs (42ms)
      Γ£ö Should prevent locking already locked NFT
      Γ£ö Should prevent locking NFT to non-beneficiary (41ms)
    NFT Unlocking
      Γ£ö Should unlock NFT successfully
      Γ£ö Should prevent unlocking non-locked NFT
      Γ£ö Should prevent unlocking after death verification
    NFT Inheritance Distribution
      Γ£ö Should distribute NFTs correctly on inheritance claim (56ms)
      Γ£ö Should handle multiple inheritance claims correctly
    NFT Value Updates
      Γ£ö Should update OBOL rewards when NFT is locked
      Γ£ö Should update OBOL rewards when NFT is unlocked
    Edge Cases and Error Handling
      Γ£ö Should handle zero NFT value
      Γ£ö Should handle zero address NFT contract
      Γ£ö Should handle zero address beneficiary
      Γ£ö Should prevent locking NFT without sarcophagus
      Γ£ö Should handle multiple users locking same NFT collection
    NFT Collection Management
      Γ£ö Should track NFT contracts correctly (52ms)
      Γ£ö Should handle collection removal correctly

  NFT Whitelist and Value Cap Tests
    NFT Whitelist Management
MockB3TR deployed successfully: 0xD185B4846E5fd5419fD4D077dc636084BEfC51C0
MockVTHO deployed successfully: 0xF94AB55a20B32AC37c3A105f12dB535986697945
MockObol deployed successfully: 0xBCF063A9eB18bc3C6eB005791C61801B7cB16fe4
MockGLO deployed successfully: 0xF62eEc897fa5ef36a957702AA4a45B58fE8Fe312
DeathVerifier deployed successfully: 0x364C7188028348566E38D762f6095741c49f492B
OBOL deployed successfully: 0x5147c5C1Cb5b5D3f56186C37a4bcFBb3Cd0bD5A7
Deploying Sarcophagus with:
mockVTHO.target: 0xF94AB55a20B32AC37c3A105f12dB535986697945
mockB3TR.target: 0xD185B4846E5fd5419fD4D077dc636084BEfC51C0
mockObol.target: 0xBCF063A9eB18bc3C6eB005791C61801B7cB16fe4
mockGLO.target: 0xF62eEc897fa5ef36a957702AA4a45B58fE8Fe312
deathVerifier.target: 0x364C7188028348566E38D762f6095741c49f492B
obol.target: 0x5147c5C1Cb5b5D3f56186C37a4bcFBb3Cd0bD5A7
owner.address: 0xf39Fd6e51aad88F6F4ce6aB8827279cffFb92266
      Γ£ö Should allow admin to whitelist NFT collections (40ms)
MockB3TR deployed successfully: 0xbB57FE325e769DEDB1236525a91cDEd842143fA7
MockVTHO deployed successfully: 0xD69BC314bdaa329EB18F36E4897D96A3A48C3eeF
MockObol deployed successfully: 0x6712008CCD96751d586FdBa0DEf5495E0E22D904
MockGLO deployed successfully: 0x8659DF1C638CDA8E475CD3C6481730C2b4f85873
DeathVerifier deployed successfully: 0x1f9c84B161b2c7FFB540BC5354543108cCE37df1
OBOL deployed successfully: 0x4D1338Fa46ca6060F1472b70599cc635Ad275EDa
Deploying Sarcophagus with:
mockVTHO.target: 0xD69BC314bdaa329EB18F36E4897D96A3A48C3eeF
mockB3TR.target: 0xbB57FE325e769DEDB1236525a91cDEd842143fA7
mockObol.target: 0x6712008CCD96751d586FdBa0DEf5495E0E22D904
mockGLO.target: 0x8659DF1C638CDA8E475CD3C6481730C2b4f85873
deathVerifier.target: 0x1f9c84B161b2c7FFB540BC5354543108cCE37df1
obol.target: 0x4D1338Fa46ca6060F1472b70599cc635Ad275EDa
owner.address: 0xf39Fd6e51aad88F6F4ce6aB8827279cffFb92266
      Γ£ö Should allow admin to remove NFT collections from whitelist (41ms)
MockB3TR deployed successfully: 0x03F7F064E6ceD8e154e3FdAAF92DcCC4e818E97B
MockVTHO deployed successfully: 0x4BEA9aAe24187d6128403DC556510A18d727871a
MockObol deployed successfully: 0x6cD036fDBD89BaA51c8722Eec0B56CeEd301cC68
MockGLO deployed successfully: 0x64386BC53c213F23C6960d3e080139A0f9Ef1733
DeathVerifier deployed successfully: 0x4A65b9d13908487A1654be48e6aa9Bc701735910
OBOL deployed successfully: 0x295129609d6876f5ECC62052Ba6bc082139A982c
Deploying Sarcophagus with:
mockVTHO.target: 0x4BEA9aAe24187d6128403DC556510A18d727871a
mockB3TR.target: 0x03F7F064E6ceD8e154e3FdAAF92DcCC4e818E97B
mockObol.target: 0x6cD036fDBD89BaA51c8722Eec0B56CeEd301cC68
mockGLO.target: 0x64386BC53c213F23C6960d3e080139A0f9Ef1733
deathVerifier.target: 0x4A65b9d13908487A1654be48e6aa9Bc701735910
obol.target: 0x295129609d6876f5ECC62052Ba6bc082139A982c
owner.address: 0xf39Fd6e51aad88F6F4ce6aB8827279cffFb92266
      Γ£ö Should allow admin to update global max NFT value
MockB3TR deployed successfully: 0x4B901e2Db7C412D966689E8D3CF479294C456f1e
MockVTHO deployed successfully: 0x8C08821f5f94b519c853486eB131667AA528A460
MockObol deployed successfully: 0xdcaa80371BDF9ff638851713f145Df074428Db19
MockGLO deployed successfully: 0xcf23CE2ffa1DDd9Cc2b445aE6778c4DBD605a1A0
DeathVerifier deployed successfully: 0x427EE58a6c574032085AEB90Dd05dEea6F054930
OBOL deployed successfully: 0x2963ff0196a901ec3F56d7531e7C4Ce8F226462B
Deploying Sarcophagus with:
mockVTHO.target: 0x8C08821f5f94b519c853486eB131667AA528A460
mockB3TR.target: 0x4B901e2Db7C412D966689E8D3CF479294C456f1e
mockObol.target: 0xdcaa80371BDF9ff638851713f145Df074428Db19
mockGLO.target: 0xcf23CE2ffa1DDd9Cc2b445aE6778c4DBD605a1A0
deathVerifier.target: 0x427EE58a6c574032085AEB90Dd05dEea6F054930
obol.target: 0x2963ff0196a901ec3F56d7531e7C4Ce8F226462B
owner.address: 0xf39Fd6e51aad88F6F4ce6aB8827279cffFb92266
      Γ£ö Should allow admin to update collection-specific max value (52ms)
    Access Control
MockB3TR deployed successfully: 0x01D4648B896F53183d652C02619c226727477C82
MockVTHO deployed successfully: 0x2ca60d89144D4cdf85dA87af4FE12aBF9265F28C
MockObol deployed successfully: 0xf4fa0d1C10c47cDe9F65D56c3eC977CbEb13449A
MockGLO deployed successfully: 0xA343B1FC2897b8C49A72A9A0B2675cB9c7664e8c
DeathVerifier deployed successfully: 0x88B9Ad010A699Cc0c8C5C5EA8bAF90A0C375df1a
OBOL deployed successfully: 0xf975A646FCa589Be9fc4E0C28ea426A75645fB1f
Deploying Sarcophagus with:
mockVTHO.target: 0x2ca60d89144D4cdf85dA87af4FE12aBF9265F28C
mockB3TR.target: 0x01D4648B896F53183d652C02619c226727477C82
mockObol.target: 0xf4fa0d1C10c47cDe9F65D56c3eC977CbEb13449A
mockGLO.target: 0xA343B1FC2897b8C49A72A9A0B2675cB9c7664e8c
deathVerifier.target: 0x88B9Ad010A699Cc0c8C5C5EA8bAF90A0C375df1a
obol.target: 0xf975A646FCa589Be9fc4E0C28ea426A75645fB1f
owner.address: 0xf39Fd6e51aad88F6F4ce6aB8827279cffFb92266
      Γ£ö Should prevent non-admin from whitelisting collections (46ms)
MockB3TR deployed successfully: 0xfDb6669cF60C1dBfB0f72Ea50A6eC5e0FD6089E1
MockVTHO deployed successfully: 0x2fe19128A8257182fdD77f90eA96D27cA342897A
MockObol deployed successfully: 0x2f6f107D4Afd43c451B74DA41A6DDA53D2Bf24B1
MockGLO deployed successfully: 0xb9b0c96e4E7181926D2A7ed331C9C346dfa59b4D
DeathVerifier deployed successfully: 0x905Ad472d7eeB94ed1Fc29D8ff4B53FD4D5a5Eb4
OBOL deployed successfully: 0xe3EF345391654121f385679613Cea79A692C2Dd8
Deploying Sarcophagus with:
mockVTHO.target: 0x2fe19128A8257182fdD77f90eA96D27cA342897A
mockB3TR.target: 0xfDb6669cF60C1dBfB0f72Ea50A6eC5e0FD6089E1
mockObol.target: 0x2f6f107D4Afd43c451B74DA41A6DDA53D2Bf24B1
mockGLO.target: 0xb9b0c96e4E7181926D2A7ed331C9C346dfa59b4D
deathVerifier.target: 0x905Ad472d7eeB94ed1Fc29D8ff4B53FD4D5a5Eb4
obol.target: 0xe3EF345391654121f385679613Cea79A692C2Dd8
owner.address: 0xf39Fd6e51aad88F6F4ce6aB8827279cffFb92266
      Γ£ö Should prevent non-admin from removing collections (52ms)
MockB3TR deployed successfully: 0xeF66010868Ff77119171628B7eFa0F6179779375
MockVTHO deployed successfully: 0xd544d7A5EF50c510f3E90863828EAba7E392907A
MockObol deployed successfully: 0x103416cfCD0D0a32b904Ab4fb69dF6E5B5aaDf2b
MockGLO deployed successfully: 0x1F585372F116E1055AF2bED81a808DDf9638dCCD
DeathVerifier deployed successfully: 0xACB5b53F9F193b99bcd8EF8544ddF4c398DE24a3
OBOL deployed successfully: 0x39826E09f8efb9df4C56Aeb9eEC0D2B8164d3B36
Deploying Sarcophagus with:
mockVTHO.target: 0xd544d7A5EF50c510f3E90863828EAba7E392907A
mockB3TR.target: 0xeF66010868Ff77119171628B7eFa0F6179779375
mockObol.target: 0x103416cfCD0D0a32b904Ab4fb69dF6E5B5aaDf2b
mockGLO.target: 0x1F585372F116E1055AF2bED81a808DDf9638dCCD
deathVerifier.target: 0xACB5b53F9F193b99bcd8EF8544ddF4c398DE24a3
obol.target: 0x39826E09f8efb9df4C56Aeb9eEC0D2B8164d3B36
owner.address: 0xf39Fd6e51aad88F6F4ce6aB8827279cffFb92266
      Γ£ö Should prevent non-admin from updating global max value

  OBOL Token Integration
    11) should perform OBOL integration flow

  Sarcophagus Protocol
Deploying mockVTHO...
Deploying mockB3TR...
Deploying OBOL...
Deploying deathVerifier...
Deploying mockGLO...
Deploying Sarcophagus...
Deploying B3TRRewards...
mockVTHO: 0x69eB226983E10D7318816134cd44BE3023dC74cd
mockB3TR: 0x29e95B6bbCd23fbF66e9d8ee2029564A734560De
obolToken: 0xD8fE7c45330c8b12cA0D4728D75557b9e7BeB24F
deathVerifier: 0x3358F984e9B3CBBe976eEFE9B6fb92a214162932
Sarcophagus deployed at: 0x6858dF5365ffCbe31b5FE68D9E6ebB81321F7F86
    Γ£ö Should calculate bonuses correctly with grace period
    User Verification
Deploying mockVTHO...
Deploying mockB3TR...
Deploying OBOL...
Deploying deathVerifier...
Deploying mockGLO...
Deploying Sarcophagus...
Deploying B3TRRewards...
mockVTHO: 0x633a7eB9b8912b22f3616013F3153de687F96074
mockB3TR: 0x1E53bea57Dd5dDa7bFf1a1180a2f64a5c9e222f5
obolToken: 0x27f7785b17c6B4d034094a1B16Bc928bD697f386
deathVerifier: 0x17f4B55A352Be71CC03856765Ad04147119Aa09B
Sarcophagus deployed at: 0xa7480B62a657555f6727bCdb96953bCC211FFbaC
      Γ£ö Should verify a user
Deploying mockVTHO...
Deploying mockB3TR...
Deploying OBOL...
Deploying deathVerifier...
Deploying mockGLO...
Deploying Sarcophagus...
Deploying B3TRRewards...
mockVTHO: 0xbaee9B65349929Bd78f9878555bF78027Df7f101
mockB3TR: 0x012D720e7d2E84b24b68989e0f4aD824fE5B294C
obolToken: 0xA4f9885550548c6a45b9D18C57B114c06f3c39B8
deathVerifier: 0x886a2A3ABF5B79AA5dFF1C73016BD07CFc817e04
Sarcophagus deployed at: 0x5E0399B4C3c4C31036DcA08d53c0c5b5c29C113e
      Γ£ö Should not allow unverified users to create sarcophagus
    Sarcophagus Creation
Deploying mockVTHO...
Deploying mockB3TR...
Deploying OBOL...
Deploying deathVerifier...
Deploying mockGLO...
Deploying Sarcophagus...
Deploying B3TRRewards...
mockVTHO: 0xDf795df2e0ad240a82d773DA01a812B96345F9C5
mockB3TR: 0x0Ff833129533546D96A5847C22b57AACccD00FD5
obolToken: 0x26320DE63415e5AAf2BA617D97C39444eDb6F741
deathVerifier: 0x2ac430E52F47420A00984E11Ef0DDba80652419a
Sarcophagus deployed at: 0xDb731EaaFA0FFA7854A24C2379585a85D768Ed5C
      Γ£ö Should create a sarcophagus with single beneficiary
Deploying mockVTHO...
Deploying mockB3TR...
Deploying OBOL...
Deploying deathVerifier...
Deploying mockGLO...
Deploying Sarcophagus...
Deploying B3TRRewards...
mockVTHO: 0xe9CD84fe4ddfB0f016e3264791923902906753Bd
mockB3TR: 0x7722f5d7964a04672761cdfdC7c17B7Ac8f197b7
obolToken: 0xeA2e668d430e5AA15babA2f5c5edfd4F9Ef6EB73
deathVerifier: 0xA7240bcff60Eef40F31B8eD5d921BaD6DB13B199
Sarcophagus deployed at: 0x2C56932223cdE0D363266f1308c48Ff1BF9F9041
      Γ£ö Should create a sarcophagus with multiple beneficiaries (45ms)
Deploying mockVTHO...
Deploying mockB3TR...
Deploying OBOL...
Deploying deathVerifier...
Deploying mockGLO...
Deploying Sarcophagus...
Deploying B3TRRewards...
mockVTHO: 0x7c77704007C9996Ee591C516f7319828BA49d91E
mockB3TR: 0x676F5F71DAE1C83Dc31775E4c61212bC9e799d9C
obolToken: 0x081F08945fd17C5470f7bCee23FB57aB1099428E
deathVerifier: 0xf102f0173707c6726543d65fA38025Eb72026c37
Sarcophagus deployed at: 0x81a5186946ce055a5ceeC93cd97C7e7EDe7Da922
      Γ£ö Should not allow creating multiple sarcophagi
Deploying mockVTHO...
Deploying mockB3TR...
Deploying OBOL...
Deploying deathVerifier...
Deploying mockGLO...
Deploying Sarcophagus...
Deploying B3TRRewards...
mockVTHO: 0x453439300B6C5C645737324b990f2d51137027bC
mockB3TR: 0x7306a649B451AE08781108445425Bd4E8AcF1E00
obolToken: 0xf4c5C29b14f0237131F7510A51684c8191f98E06
deathVerifier: 0x934A389CaBFB84cdB3f0260B2a4FD575b8B345A3
Sarcophagus deployed at: 0xB90AcF57C3BFE8e0E8215defc282B5F48b3edC74
      Γ£ö Should reject invalid beneficiary count
Deploying mockVTHO...
Deploying mockB3TR...
Deploying OBOL...
Deploying deathVerifier...
Deploying mockGLO...
Deploying Sarcophagus...
Deploying B3TRRewards...
mockVTHO: 0x3aD2306eDfBe72ce013cdb6b429212d9CdDE4F96
mockB3TR: 0xb69FC79100eDd058f9c96c0a13C80124aC1a7D77
obolToken: 0xfDD930c22708c7572278cf74D64f3721Eedc18Ad
deathVerifier: 0x757Fd23a0fDF9F9d2786f62f96f02Db4D096d10A
Sarcophagus deployed at: 0x4a680B00eEacbcCA480eB9aB57161A7B08A8F0Ba
      Γ£ö Should reject mismatched arrays
Deploying mockVTHO...
Deploying mockB3TR...
Deploying OBOL...
Deploying deathVerifier...
Deploying mockGLO...
Deploying Sarcophagus...
Deploying B3TRRewards...
mockVTHO: 0x1A223F93131cD7d898c28Ee0B905C39Db474FA08
mockB3TR: 0x77e6Bd5c1988d8d766698F9CeEa5C24559b999f8
obolToken: 0x7314AEeC874A25A1131F49dA9679D05f8d931175
deathVerifier: 0xD604C06206f6DeDd82d42F90D1F5bB34a2E7c5dd
Sarcophagus deployed at: 0xB719422a0A484025c1A22a8dEEaFC67E81F43CfD
      Γ£ö Should reject percentages not totaling 100%
Deploying mockVTHO...
Deploying mockB3TR...
Deploying OBOL...
Deploying deathVerifier...
Deploying mockGLO...
Deploying Sarcophagus...
Deploying B3TRRewards...
mockVTHO: 0x566be608Fe7e9f23c9337004cfB60877810E6d28
mockB3TR: 0x8b1B398b9c49AFE6394aaE438f6F2E8039120253
obolToken: 0x437a945E1A67eCaC7109DcfB602D7cB318b0465E
deathVerifier: 0xa2a0D69221829d6005E31Bb187A0A5DEBEaD8331
Sarcophagus deployed at: 0xD48e3A91809d6983e2bcc5bA6A6834258854e85e
      Γ£ö Should reject zero address beneficiary
    Token Deposits
Deploying mockVTHO...
Deploying mockB3TR...
Deploying OBOL...
Deploying deathVerifier...
Deploying mockGLO...
Deploying Sarcophagus...
Deploying B3TRRewards...
mockVTHO: 0x74FeFc9b47aAea34240D8e015D7eA4201F00cFA4
mockB3TR: 0xbDF04aB3C4283B1531B8Cf812Ef21D4FEd9BE445
obolToken: 0x3153eDfaBE7608A97d0Cb02929917FE90cE2CB87
deathVerifier: 0xEbFE59025761DB00993d75C33C58271aABA88E4E
Sarcophagus deployed at: 0x0B7108B29ad73097cF7E549D542915348d885e5f
      Γ£ö Should deposit tokens (39ms)
Deploying mockVTHO...
Deploying mockB3TR...
Deploying OBOL...
Deploying deathVerifier...
Deploying mockGLO...
Deploying Sarcophagus...
Deploying B3TRRewards...
mockVTHO: 0xCD75Ddf910A204d36Fc2f86e776f9d7B97A34817
mockB3TR: 0xEe170eFF1BCeA1f7a46F46634fa40d590AAa5200
obolToken: 0xaA43293a7419942736633f682c3b7002f49232AE
deathVerifier: 0x022D2B8173c7BCad83420d0953362335afB89355
Sarcophagus deployed at: 0x8AAFC28174bb6c3BDc7BE92f18c2F134E876c05E
      Γ£ö Should enforce minimum deposit
Deploying mockVTHO...
Deploying mockB3TR...
Deploying OBOL...
Deploying deathVerifier...
Deploying mockGLO...
Deploying Sarcophagus...
Deploying B3TRRewards...
mockVTHO: 0x6B76fDA6ceF1bc95F80A83cD7bc4D82AC3e021d1
mockB3TR: 0x76a5A3a1eC8AA32d7Fc7BD7D4Cd9c779a59Ef881
obolToken: 0x0930Ae6F6dC8430b6662A40D41Ab54cBf041316B
deathVerifier: 0xfA898de6CcE1715a14F579c316C6cfd7F869655B
Sarcophagus deployed at: 0x33CDe30fF16bC06D9b94987a8269B69DBF321937
      - Should enforce rate limiting
Deploying mockVTHO...
Deploying mockB3TR...
Deploying OBOL...
Deploying deathVerifier...
Deploying mockGLO...
Deploying Sarcophagus...
Deploying B3TRRewards...
mockVTHO: 0x94a4d8C45FBaC4cCDD0afAebD0C006d97cfA8b6c
mockB3TR: 0xd6A0A8E18934Bb04eb1787De1C7bD48013579935
obolToken: 0x263f307a067B559972302ED69A68f7a2FfBb7639
deathVerifier: 0x17b6BBD34266Ed4d6770D9Ed643Fc24eE1a1197B
Sarcophagus deployed at: 0x192ad6993AA1a7D642461C1d0E7224cf32B174E3
      Γ£ö Should deposit GLO
    Death Verification
Deploying mockVTHO...
Deploying mockB3TR...
Deploying OBOL...
Deploying deathVerifier...
Deploying mockGLO...
Deploying Sarcophagus...
Deploying B3TRRewards...
mockVTHO: 0xee98C47e4D793945D8372AaF89636455D28fa8dd
mockB3TR: 0x0956d3d8480cD0C4e35b168D843B70582b67a7Bc
obolToken: 0xf30D040c8FE6a3ee53355E9D3b7A07cea477b8D8
deathVerifier: 0x3940C74711923bB4bdbA231c360baA7F032b5F0D
Sarcophagus deployed at: 0x9D8946A8A0c5a583Bf05bE83B981406182ac9d2f
      Γ£ö Should verify death and calculate bonus
    Inheritance Claims
Deploying mockVTHO...
Deploying mockB3TR...
Deploying OBOL...
Deploying deathVerifier...
Deploying mockGLO...
Deploying Sarcophagus...
Deploying B3TRRewards...
mockVTHO: 0xBc1065371D4c6FD32C12f35241793557bd3D85B9
mockB3TR: 0x82C9d5501a2C46125A82cc82D0881FA27751EA3E
obolToken: 0xCc66f9A3cA2670972938FAD91d0865c4a62DFB25
deathVerifier: 0x8999CaBc43E28202c5A2257f2a95A45b1F8A62BD
Sarcophagus deployed at: 0x984f797d26d3da2E9b9f8Ae4eeFEACC60fCAA90C
Sarcophagus before claim:
VET amount: 100.0
VTHO amount: 500.0
B3TR amount: 100.0
Is deceased: true
Sarcophagus contract VTHO balance: 500.0
Sarcophagus contract B3TR balance: 100.0
Sarcophagus after claim:
VET amount: 0.0
VTHO amount: 0.0
B3TR amount: 0.0
      Γ£ö Should allow beneficiary to claim inheritance
Deploying mockVTHO...
Deploying mockB3TR...
Deploying OBOL...
Deploying deathVerifier...
Deploying mockGLO...
Deploying Sarcophagus...
Deploying B3TRRewards...
mockVTHO: 0x26a5BE39521F8e70fEfe14dB40043De82B5B7784
mockB3TR: 0x7543972Be5497AF54bab4fDe333Ffa53b5C52cF2
obolToken: 0xceC1F31c57f178D348006670f2327317DA01112a
deathVerifier: 0xd7Db0384564b62543BE8E371e7337A3400F4CCEA
Sarcophagus deployed at: 0x92A50F3B3E88C81310AD48cEB46e1F6C332C850e
      Γ£ö Should not allow non-beneficiary to claim
Deploying mockVTHO...
Deploying mockB3TR...
Deploying OBOL...
Deploying deathVerifier...
Deploying mockGLO...
Deploying Sarcophagus...
Deploying B3TRRewards...
mockVTHO: 0x29e07cEFDAABDaCA2AD956adbC3110eB2268C0E8
mockB3TR: 0xA4a75B3f3e957222E0d67Ea8b643F137BDFCe03B
obolToken: 0x50a2DBf1c98A23f7430baC7abe71A4fD673213c1
deathVerifier: 0xD9d572665156732D1B61f3Bc3cfb08A5c20b2b2E
Sarcophagus deployed at: 0xe47F0396CfCB8134A791246924171950f1a83053
      Γ£ö Should distribute GLO to beneficiary on inheritance claim (41ms)
    Multiple Beneficiaries
Deploying mockVTHO...
Deploying mockB3TR...
Deploying OBOL...
Deploying deathVerifier...
Deploying mockGLO...
Deploying Sarcophagus...
Deploying B3TRRewards...
mockVTHO: 0x7AaBb13928E9382eE4b4148b9618039aBBcA7945
mockB3TR: 0xc993301287f7E7f7C0EB28c4616534CcAbA348BA
obolToken: 0xeAd4C2cc3c9c44be601373460BEe3c331FaFfe96
deathVerifier: 0xB7b8FF73bc1b41feF618f43dfe063f42753470f1
Sarcophagus deployed at: 0xC0aBdd4dbc131B916AF8Fc448153F38aBe69E370
      Γ£ö Should allow first beneficiary to claim their share (58ms)
Deploying mockVTHO...
Deploying mockB3TR...
Deploying OBOL...
Deploying deathVerifier...
Deploying mockGLO...
Deploying Sarcophagus...
Deploying B3TRRewards...
mockVTHO: 0xB7c61e6987144bC0E692E6Bde2B845B9e29D4cD9
mockB3TR: 0x5416adf327242B7224413Dcd6E454FfcB5C1e73C
obolToken: 0x73c1A1437920ECFEC6Ac079d717CB75c0B0e9086
deathVerifier: 0x53A16c7b5fB15E3786B068Eb199023394Cc15C5b
Sarcophagus deployed at: 0xCFA293D910719f8C1ddDD0CA5dDd3D6Cbf681833
      Γ£ö Should allow second beneficiary to claim their share
Deploying mockVTHO...
Deploying mockB3TR...
Deploying OBOL...
Deploying deathVerifier...
Deploying mockGLO...
Deploying Sarcophagus...
Deploying B3TRRewards...
mockVTHO: 0x387534CcCc6073c98aB343B6D261ef9598e659AB
mockB3TR: 0xA07d7e04b13f71e8E8a094B2477c405f255F750e
obolToken: 0x76F1BB25627d47c30A5a6fCb62B2Af4ff97b4702
deathVerifier: 0x6D02ABC5fa967B0b085083F5Cf36c24502447244
Sarcophagus deployed at: 0x9Be48cB9Eb443E850316DD09cdF1c2E150b09245
Sarcophagus after both claims:
VET amount in data: 24.0
VET balance in contract: 24.0
      Γ£ö Should calculate correct percentages
    Token Conversion
Deploying mockVTHO...
Deploying mockB3TR...
Deploying OBOL...
Deploying deathVerifier...
Deploying mockGLO...
Deploying Sarcophagus...
Deploying B3TRRewards...
mockVTHO: 0x884086466e192C53BbeebEd0024B66d58C49930A
mockB3TR: 0x0B36Ef2cb78859C20c8C1380CeAdB75043aA92b3
obolToken: 0xb6aD2903fAC2db628624DeE61e217F50Ad54638E
deathVerifier: 0x6E66c9E7259EB988b86E6Aa7B0e213957c93bc6c
Sarcophagus deployed at: 0x7a6E91C3C4fCB9157A27EB901210Aa1Df9D05B45
      - Should convert B3TR to GLO in vault

  ≡ƒöÆ Security Audit - Hybrid OBOL System (Fixed)
    ≡ƒÜ¿ Access Control Vulnerabilities
      Γ£ö Should prevent unauthorized role grants
      Γ£ö Should prevent unauthorized reward minting
      Γ£ö Should prevent unauthorized stake updates
      Γ£ö Should prevent unauthorized death verification
    ≡ƒÆ░ Economic Attacks
      Γ£ö Should prevent rapid deposit attacks (55ms)
      Γ£ö Should prevent time manipulation attacks
    ≡ƒöä Reentrancy Attacks
Pending OBOL rewards before claim: 1000
      Γ£ö Should prevent reentrancy in reward claiming
      Γ£ö Should prevent reentrancy in token locking
    ≡ƒôè Precision and Overflow Attacks
      Γ£ö Should handle decimal precision correctly
      Γ£ö Should prevent integer overflow in reward calculations
      Γ£ö Should handle extreme reward calculations without overflow
      Γ£ö Should handle decimal precision in small amounts
      Γ£ö Should prevent integer overflow in beneficiary calculations (190ms)
    ≡ƒºá Logic Vulnerabilities
      Γ£ö Should prevent double spending of locked tokens (42ms)
      Γ£ö Should prevent unauthorized beneficiary modifications
      Γ£ö Should prevent reward manipulation through time manipulation
      Γ£ö Should prevent unauthorized token transfers
      Γ£ö Should prevent logic bypass through direct contract calls
    ΓÅ╕∩╕Å Pause Functionality
      Γ£ö Should allow only authorized users to pause
      Γ£ö Should prevent operations when paused
      Γ£ö Should allow operations when unpaused
    ≡ƒöì Input Validation
      Γ£ö Should validate beneficiary addresses
      Γ£ö Should validate percentage totals
      Γ£ö Should validate age requirements
      Γ£ö Should validate deposit amounts
      Γ£ö Should validate withdrawal amounts
    ≡ƒ¢í∩╕Å Edge Cases
      Γ£ö Should handle maximum uint values
      Γ£ö Should handle zero address operations
      Γ£ö Should handle contract self-destruction attempts
      Γ£ö Should handle extreme time values
      Γ£ö Should handle multiple rapid transactions (42ms)

  ≡ƒöÆ Security Audit - Hybrid OBOL System
    ≡ƒÜ¿ Access Control Vulnerabilities
owner: 0xf39Fd6e51aad88F6F4ce6aB8827279cffFb92266
user1: 0x70997970C51812dc3A010C7d01b50e0d17dc79C8
user2: 0x3C44CdDdB6a900fa2b585dd299e03d12FA4293BC
user3: 0x90F79bf6EB2c4f870365E785982E1f101E93b906
oracle: 0x15d34AAf54267DB7D7c367839AAf71A00a2C6A65
attacker: 0x9965507D1a55bcC2695C58ba16FB37d819B0A4dc
mockVTHO address: 0x19b1b1FeDBA133523Aa826Ec62bda6435B14D9Fb
mockB3TR address: 0xc24Fef71886507C688277C40c7447258c81DD448
mockGLO address: 0x98dC62904Ff76ab5eBa77B664A0d7f488Ec4AA94
OBOL address: 0x0410756AE9f71246B222C8B8e97e8f93D72F65a9
DeathVerifier address: 0xE01BA83E988D4927839E1F769FdC3274e0052EEb
Sarcophagus address: 0x5b40489524a5733e0F145bf0E1F6712dcDB8E837
      Γ£ö Should prevent unauthorized role grants
owner: 0xf39Fd6e51aad88F6F4ce6aB8827279cffFb92266
user1: 0x70997970C51812dc3A010C7d01b50e0d17dc79C8
user2: 0x3C44CdDdB6a900fa2b585dd299e03d12FA4293BC
user3: 0x90F79bf6EB2c4f870365E785982E1f101E93b906
oracle: 0x15d34AAf54267DB7D7c367839AAf71A00a2C6A65
attacker: 0x9965507D1a55bcC2695C58ba16FB37d819B0A4dc
mockVTHO address: 0x10224eff6B1Caaf5daC49B2e7104b7161484B128
mockB3TR address: 0x0a5fF8eAE2104805E18a2F3646776d577Fc9Cf26
mockGLO address: 0xdf207Ba73Ccd4B517bd126728296298Fef3099AF
OBOL address: 0xb97C59331F89a852Ae21aee215Da28820c533649
DeathVerifier address: 0x52d7728fE87826FfF51b21b303e2FF7cB04F6Aec
Sarcophagus address: 0x35693AB7715cb9E50513Ef1cE2177918532806BF
      Γ£ö Should prevent unauthorized reward minting
owner: 0xf39Fd6e51aad88F6F4ce6aB8827279cffFb92266
user1: 0x70997970C51812dc3A010C7d01b50e0d17dc79C8
user2: 0x3C44CdDdB6a900fa2b585dd299e03d12FA4293BC
user3: 0x90F79bf6EB2c4f870365E785982E1f101E93b906
oracle: 0x15d34AAf54267DB7D7c367839AAf71A00a2C6A65
attacker: 0x9965507D1a55bcC2695C58ba16FB37d819B0A4dc
mockVTHO address: 0xa3B21775CE8C98aa89f4e4982491E3b05EF6937d
mockB3TR address: 0x90fcCa181E4100A42A3cDe0Ff7DACDF046d4e8A0
mockGLO address: 0x19CC4DD8D86FC525f8CF37c51612DE91b1E52038
OBOL address: 0x90e49f941bd68341A363225F5A2386D34a7FFd92
DeathVerifier address: 0x68BBC41dFd9CeDF8c7D37A171641F6F3300e5443
Sarcophagus address: 0xF99adD941432EC09B498Ea1B680Be13F2e717D88
      Γ£ö Should prevent unauthorized stake updates
owner: 0xf39Fd6e51aad88F6F4ce6aB8827279cffFb92266
user1: 0x70997970C51812dc3A010C7d01b50e0d17dc79C8
user2: 0x3C44CdDdB6a900fa2b585dd299e03d12FA4293BC
user3: 0x90F79bf6EB2c4f870365E785982E1f101E93b906
oracle: 0x15d34AAf54267DB7D7c367839AAf71A00a2C6A65
attacker: 0x9965507D1a55bcC2695C58ba16FB37d819B0A4dc
mockVTHO address: 0x6fc6A5b592406D9ee1e9a4e6BA20E03e73165B3A
mockB3TR address: 0xBd422978E222C626b94e66f33791a61FbE662115
mockGLO address: 0x67b444dB2581920A7Bb4FB07f6B19D614B7f6ACA
OBOL address: 0x3A41dfF0bB941fC5A1392c4f06cD1113b06c3eE2
DeathVerifier address: 0x4ef58923c7e99598DAEB00CCE5315cAD9Efa3761
Sarcophagus address: 0xd831912d86BE956A131cfe14E90C86c717407489
      12) Should prevent unauthorized death verification
    ≡ƒÆ░ Economic Attacks
owner: 0xf39Fd6e51aad88F6F4ce6aB8827279cffFb92266
user1: 0x70997970C51812dc3A010C7d01b50e0d17dc79C8
user2: 0x3C44CdDdB6a900fa2b585dd299e03d12FA4293BC
user3: 0x90F79bf6EB2c4f870365E785982E1f101E93b906
oracle: 0x15d34AAf54267DB7D7c367839AAf71A00a2C6A65
attacker: 0x9965507D1a55bcC2695C58ba16FB37d819B0A4dc
mockVTHO address: 0xa55e9d5F4321D7f2EA862DF776a02aF6FAfcf4F9
mockB3TR address: 0xaF15B6Db0b6220391007701228883BA2f04D04F9
mockGLO address: 0xb0fA41E2DF531C26dBA0E16D514381A816Aa2554
OBOL address: 0x8DcC7438Ccc3006165783e0fD1C6261CaFC0AA69
DeathVerifier address: 0x0b943500AA8A8BbB8992654e57511f1CEfb2BB9f
Sarcophagus address: 0x0018b7506e118c97E54d4FFebcef808ca785bA01
      Γ£ö Should prevent rapid deposit attacks (43ms)
owner: 0xf39Fd6e51aad88F6F4ce6aB8827279cffFb92266
user1: 0x70997970C51812dc3A010C7d01b50e0d17dc79C8
user2: 0x3C44CdDdB6a900fa2b585dd299e03d12FA4293BC
user3: 0x90F79bf6EB2c4f870365E785982E1f101E93b906
oracle: 0x15d34AAf54267DB7D7c367839AAf71A00a2C6A65
attacker: 0x9965507D1a55bcC2695C58ba16FB37d819B0A4dc
mockVTHO address: 0x66a2BECe75FCE45ddFe2C06216CE9350a4c46498
mockB3TR address: 0xC20654dB7F9483f10c91dc94924dC8F04F79bfd5
mockGLO address: 0x7F6f314D460C7751bF1F9784D34Bba2C2AE82CeB
OBOL address: 0xB10982193B39Eda3428d6AaeBbd7986f2A2Baa1a
DeathVerifier address: 0x74156A1F9736307b7AD34e3691f3A5B54A0B3Eb8
Sarcophagus address: 0x0Db32f0b116773fDD78C2e1b5E6609CC502e6784
      13) Should prevent time manipulation attacks
    ≡ƒöä Reentrancy Attacks
owner: 0xf39Fd6e51aad88F6F4ce6aB8827279cffFb92266
user1: 0x70997970C51812dc3A010C7d01b50e0d17dc79C8
user2: 0x3C44CdDdB6a900fa2b585dd299e03d12FA4293BC
user3: 0x90F79bf6EB2c4f870365E785982E1f101E93b906
oracle: 0x15d34AAf54267DB7D7c367839AAf71A00a2C6A65
attacker: 0x9965507D1a55bcC2695C58ba16FB37d819B0A4dc
mockVTHO address: 0xb382eC1F0B3EEBf1c088fF72294a866Fd61f8341
mockB3TR address: 0x0C1924b16c9D7D3b3294e15ba11AF27f64F944Fb
mockGLO address: 0x6C3c8F75da59F5880D9e60b8f8ae639c2bC2E1DA
OBOL address: 0x8642500aC47424De5FA9756e16407f8bbfc1E039
DeathVerifier address: 0xf507F05B3F4985Ed5921b39ADAAcE5885Ee53096
Sarcophagus address: 0x32C1f353b042902CF959879D56DCA3e87bB42dD1
      14) Should prevent reentrancy in reward claiming
owner: 0xf39Fd6e51aad88F6F4ce6aB8827279cffFb92266
user1: 0x70997970C51812dc3A010C7d01b50e0d17dc79C8
user2: 0x3C44CdDdB6a900fa2b585dd299e03d12FA4293BC
user3: 0x90F79bf6EB2c4f870365E785982E1f101E93b906
oracle: 0x15d34AAf54267DB7D7c367839AAf71A00a2C6A65
attacker: 0x9965507D1a55bcC2695C58ba16FB37d819B0A4dc
mockVTHO address: 0x30474Ce2DE03045B8D0AE76F8a30DbfC8f000cea
mockB3TR address: 0x8156715d27e1b9bCfb0B1Ff820321b9cdF196148
mockGLO address: 0xb2377aAE57F2072F52FBc38696BE573af2ce5bd9
OBOL address: 0x6007e08B63684166A7CD00C1c80aa532133f26B0
DeathVerifier address: 0x8B87065fdfe4A130108E50f74ae7F85cD20A5967
Sarcophagus address: 0x366F80D92fba5049a4CEe666b9644451E9071240
      Γ£ö Should prevent reentrancy in token locking
    ≡ƒôè Precision and Overflow Attacks
owner: 0xf39Fd6e51aad88F6F4ce6aB8827279cffFb92266
user1: 0x70997970C51812dc3A010C7d01b50e0d17dc79C8
user2: 0x3C44CdDdB6a900fa2b585dd299e03d12FA4293BC
user3: 0x90F79bf6EB2c4f870365E785982E1f101E93b906
oracle: 0x15d34AAf54267DB7D7c367839AAf71A00a2C6A65
attacker: 0x9965507D1a55bcC2695C58ba16FB37d819B0A4dc
mockVTHO address: 0x6397866132887b206EEA19f910730443E71a8CfB
mockB3TR address: 0x79613D7834Ad35EE8dC3F9298030eaADc2A8c250
mockGLO address: 0x6f3203B069cfb6e408ddFa6040d3FD1f26C22F48
OBOL address: 0x743F3Ae880D7357690b5ff6C5f16110d9294F352
DeathVerifier address: 0x570ADc5880D778aE5935f199aa590091586CDf75
Sarcophagus address: 0x8B8776BEDB1eD89Ab6BD2388bCbef3C579ca53b9
      15) Should handle decimal precision correctly
owner: 0xf39Fd6e51aad88F6F4ce6aB8827279cffFb92266
user1: 0x70997970C51812dc3A010C7d01b50e0d17dc79C8
user2: 0x3C44CdDdB6a900fa2b585dd299e03d12FA4293BC
user3: 0x90F79bf6EB2c4f870365E785982E1f101E93b906
oracle: 0x15d34AAf54267DB7D7c367839AAf71A00a2C6A65
attacker: 0x9965507D1a55bcC2695C58ba16FB37d819B0A4dc
mockVTHO address: 0x473A31861aB89d5D7a78E7efc57ad31d84ED5343
mockB3TR address: 0xBd57b20c3671cDb9a6bD2d847bC3C33e441B8a02
mockGLO address: 0x3A25408D952F91e42F39587820bEe5f051f4556c
OBOL address: 0xA6407325fF7DAAB36D20992dADC031c82D1C4390
DeathVerifier address: 0xE65B75e7A8de220bcfec86F58c4c25A62aB7CD9b
Sarcophagus address: 0x1Fb0D426927Dab092Def63b73E1397b3F29E7b33
      16) Should prevent integer overflow in reward calculations
owner: 0xf39Fd6e51aad88F6F4ce6aB8827279cffFb92266
user1: 0x70997970C51812dc3A010C7d01b50e0d17dc79C8
user2: 0x3C44CdDdB6a900fa2b585dd299e03d12FA4293BC
user3: 0x90F79bf6EB2c4f870365E785982E1f101E93b906
oracle: 0x15d34AAf54267DB7D7c367839AAf71A00a2C6A65
attacker: 0x9965507D1a55bcC2695C58ba16FB37d819B0A4dc
mockVTHO address: 0x807951d1F003c2161CdA995168383b54127755d5
mockB3TR address: 0x8D7a45413AC4115d22CC88a87264dEE8002AfBca
mockGLO address: 0x4D5D3FaE9b08a4FA2aEB9Bc0d86E3dB3b3126438
OBOL address: 0x2276bFcBb371370AA941C27Fe39ACE83141f7497
DeathVerifier address: 0x0CA1caF038546b20380B2bd88fbcf604D5066628
Sarcophagus address: 0x9aB4632Fb2d1867d0EEC9F3Ee40a3409037B381a
      17) Should handle extreme reward calculations without overflow
owner: 0xf39Fd6e51aad88F6F4ce6aB8827279cffFb92266
user1: 0x70997970C51812dc3A010C7d01b50e0d17dc79C8
user2: 0x3C44CdDdB6a900fa2b585dd299e03d12FA4293BC
user3: 0x90F79bf6EB2c4f870365E785982E1f101E93b906
oracle: 0x15d34AAf54267DB7D7c367839AAf71A00a2C6A65
attacker: 0x9965507D1a55bcC2695C58ba16FB37d819B0A4dc
mockVTHO address: 0x65E001B67f1aD28FF337C4F6e1cA52F31F5Eb9Fd
mockB3TR address: 0x7279291eF60f0196692E20Ea7dF5237E650DfD3B
mockGLO address: 0x112C319b35B5A3d8FB7A5201F96d2665d9030B64
OBOL address: 0xD1586f4624775920121A0D58A785F46e9f91500d
DeathVerifier address: 0xC2661a3b2d76DC3bC97022C4314DA2f87BD439fC
Sarcophagus address: 0x1D0DC97cdD22b8D6D763083722962418eae8F2Ff
      18) Should handle decimal precision in small amounts
owner: 0xf39Fd6e51aad88F6F4ce6aB8827279cffFb92266
user1: 0x70997970C51812dc3A010C7d01b50e0d17dc79C8
user2: 0x3C44CdDdB6a900fa2b585dd299e03d12FA4293BC
user3: 0x90F79bf6EB2c4f870365E785982E1f101E93b906
oracle: 0x15d34AAf54267DB7D7c367839AAf71A00a2C6A65
attacker: 0x9965507D1a55bcC2695C58ba16FB37d819B0A4dc
mockVTHO address: 0xe1647c832E112c532C79bDf3cFD05362b6e8c744
mockB3TR address: 0x36C6262F266386f1011e03a5882A0B6AC6940c95
mockGLO address: 0x41dBB528b5662caD3b8183754C0517b409E00Fa8
OBOL address: 0x60aC4593ecea0B22216218c4D0f27533ebB01CB6
DeathVerifier address: 0xa0945a7aC164287B4e6B8f234337820807074a29
Sarcophagus address: 0x9771321265cAD7049903EaF4a574Eab51fD97378
      19) Should prevent integer overflow in beneficiary calculations
    ≡ƒÄ» Logic Vulnerabilities
owner: 0xf39Fd6e51aad88F6F4ce6aB8827279cffFb92266
user1: 0x70997970C51812dc3A010C7d01b50e0d17dc79C8
user2: 0x3C44CdDdB6a900fa2b585dd299e03d12FA4293BC
user3: 0x90F79bf6EB2c4f870365E785982E1f101E93b906
oracle: 0x15d34AAf54267DB7D7c367839AAf71A00a2C6A65
attacker: 0x9965507D1a55bcC2695C58ba16FB37d819B0A4dc
mockVTHO address: 0x607c2d79E406a5DC2D1E01b6820dd5a72FbA58C7
mockB3TR address: 0x35BDA1D4f4E4D397d5b81a8cdc7fE183b98F537C
mockGLO address: 0xfC3035f60A3d862E0753eA3D2Eec7679227E8B37
OBOL address: 0x25e67aedBA8aCe016Dd4573df46c50E4F8a97497
DeathVerifier address: 0x8a5592b0E95767886642269AEb0B7A80dAa22c8f
Sarcophagus address: 0xD7F61C5979BBc9d50B30e7459945726670FFdeA3
      20) Should prevent double inheritance claims
owner: 0xf39Fd6e51aad88F6F4ce6aB8827279cffFb92266
user1: 0x70997970C51812dc3A010C7d01b50e0d17dc79C8
user2: 0x3C44CdDdB6a900fa2b585dd299e03d12FA4293BC
user3: 0x90F79bf6EB2c4f870365E785982E1f101E93b906
oracle: 0x15d34AAf54267DB7D7c367839AAf71A00a2C6A65
attacker: 0x9965507D1a55bcC2695C58ba16FB37d819B0A4dc
mockVTHO address: 0x7D8Ade77A347Ba6ee34eac0f825Fc37B0A66B268
mockB3TR address: 0x67C109F60d55e89907C4d0Ac91103f1A8Ee86E7c
mockGLO address: 0x6A312D5fFF30Fc5f05866F399aAFD37673e41e3c
OBOL address: 0x1d1f1Fce8faa929D78fd4e65d69a637eDCA9031c
DeathVerifier address: 0x24a15f3FA07F85A5C2E569A1429d39a553A9c5A6
Sarcophagus address: 0xD0ED62248c409fA0A6a3B94F2a1aC6eD06b7b36C
      Γ£ö Should prevent claiming before death verification
owner: 0xf39Fd6e51aad88F6F4ce6aB8827279cffFb92266
user1: 0x70997970C51812dc3A010C7d01b50e0d17dc79C8
user2: 0x3C44CdDdB6a900fa2b585dd299e03d12FA4293BC
user3: 0x90F79bf6EB2c4f870365E785982E1f101E93b906
oracle: 0x15d34AAf54267DB7D7c367839AAf71A00a2C6A65
attacker: 0x9965507D1a55bcC2695C58ba16FB37d819B0A4dc
mockVTHO address: 0x36c7b0946e701EA6cE8e101B4C959FF15D0DeE15
mockB3TR address: 0x2De939A6cC6F53E47f62453029EB62C7e7BE3C8c
mockGLO address: 0x8a30035C4575a7d2F6F46ae160ce2460E23117B2
OBOL address: 0x9cf41c46dea4B2E29853861308EC089156E2E5d1
DeathVerifier address: 0x66aA1cc1d45A3aDbed1E360d369b3dCcEDEC76dc
Sarcophagus address: 0xcebe3F283f05A5815C4Af0EEC721692F86e21fD8
      21) Should prevent non-beneficiary claims
    ≡ƒöÉ Pause Functionality
owner: 0xf39Fd6e51aad88F6F4ce6aB8827279cffFb92266
user1: 0x70997970C51812dc3A010C7d01b50e0d17dc79C8
user2: 0x3C44CdDdB6a900fa2b585dd299e03d12FA4293BC
user3: 0x90F79bf6EB2c4f870365E785982E1f101E93b906
oracle: 0x15d34AAf54267DB7D7c367839AAf71A00a2C6A65
attacker: 0x9965507D1a55bcC2695C58ba16FB37d819B0A4dc
mockVTHO address: 0x941Ed50A3B5eCaCB6e0985886fc5ACBc5CC2ae8C
mockB3TR address: 0x4DCD10c8Da99C062E06dc28f7a26917B3D45dC73
mockGLO address: 0x6Ad5B8B5a12a26892C6Ad6b8Ae64905D9B53da8A
OBOL address: 0x12Aeb4648CfDaE7589580D6f4E6C901f12800aC2
DeathVerifier address: 0x92fd3a6Ea14721559aFabc634dA9E0c614358cad
Sarcophagus address: 0x253B504f1cD229E86237185a4F42F33f89D4d95f
      22) Should allow admin to pause contracts
owner: 0xf39Fd6e51aad88F6F4ce6aB8827279cffFb92266
user1: 0x70997970C51812dc3A010C7d01b50e0d17dc79C8
user2: 0x3C44CdDdB6a900fa2b585dd299e03d12FA4293BC
user3: 0x90F79bf6EB2c4f870365E785982E1f101E93b906
oracle: 0x15d34AAf54267DB7D7c367839AAf71A00a2C6A65
attacker: 0x9965507D1a55bcC2695C58ba16FB37d819B0A4dc
mockVTHO address: 0x050F5F4De07C1298162a675AdA47A5B65bCB32F4
mockB3TR address: 0xac81E70942DF7b08238Cb09572b74F400AdE24C1
mockGLO address: 0x776128Ede015F1e4B3FCB9e9365691F412580795
OBOL address: 0x0c41c5af596173c8179c8F4663A8796224ECc31d
DeathVerifier address: 0x45534f3e643F6497b562A867EC2D9ABEf94147Fb
Sarcophagus address: 0x4c5213Ab530C5AD637F80640c46b6ee98f8C2869
      23) Should prevent operations when paused
owner: 0xf39Fd6e51aad88F6F4ce6aB8827279cffFb92266
user1: 0x70997970C51812dc3A010C7d01b50e0d17dc79C8
user2: 0x3C44CdDdB6a900fa2b585dd299e03d12FA4293BC
user3: 0x90F79bf6EB2c4f870365E785982E1f101E93b906
oracle: 0x15d34AAf54267DB7D7c367839AAf71A00a2C6A65
attacker: 0x9965507D1a55bcC2695C58ba16FB37d819B0A4dc
mockVTHO address: 0x0c8A72d89AA40B71Ee5F430E89E1681f944DAAc0
mockB3TR address: 0xC2100780F828810bAaeCD3039111006E12B26CF8
mockGLO address: 0x6b165dE91F825584117c23f79F634849aCff4f68
OBOL address: 0x69B9aE74db4e9dF49cBb925eb96f86B4904ab275
DeathVerifier address: 0xD908cEE396072eD6ce16215468a9A8a3752CEa73
Sarcophagus address: 0x378F4261754Ae663C4094d7BBf8e55e8d267f555
      24) Should prevent non-admin from pausing
    ≡ƒôê Reward Supply Management
owner: 0xf39Fd6e51aad88F6F4ce6aB8827279cffFb92266
user1: 0x70997970C51812dc3A010C7d01b50e0d17dc79C8
user2: 0x3C44CdDdB6a900fa2b585dd299e03d12FA4293BC
user3: 0x90F79bf6EB2c4f870365E785982E1f101E93b906
oracle: 0x15d34AAf54267DB7D7c367839AAf71A00a2C6A65
attacker: 0x9965507D1a55bcC2695C58ba16FB37d819B0A4dc
mockVTHO address: 0xFE0Ef5a9B7cA4FB1a327f48771cA9b4725063A64
mockB3TR address: 0x85bdC135Bc56C3707551E9FEa8c5d7e31C82d16a
mockGLO address: 0x7B9985adBc2629d3e80C18397837A967399E8EAd
OBOL address: 0xC3e87A25e4414cDE1D35B2FE9920E09a9f5f944D
DeathVerifier address: 0x1B5AdE7927F798171F34e94a143113443ec46435
Sarcophagus address: 0xdceD252d791De136FAf3252e0768AceF8de2141f
      Γ£ö Should not exceed total reward supply
owner: 0xf39Fd6e51aad88F6F4ce6aB8827279cffFb92266
user1: 0x70997970C51812dc3A010C7d01b50e0d17dc79C8
user2: 0x3C44CdDdB6a900fa2b585dd299e03d12FA4293BC
user3: 0x90F79bf6EB2c4f870365E785982E1f101E93b906
oracle: 0x15d34AAf54267DB7D7c367839AAf71A00a2C6A65
attacker: 0x9965507D1a55bcC2695C58ba16FB37d819B0A4dc
mockVTHO address: 0xe6F314143AE46b5b0594Ae7C88e6A39D36964bb7
mockB3TR address: 0x422f02546F2e5E3dE3A52962f0220498030e1669
mockGLO address: 0x8f9BE2DA37662Ad5CcfE233CDbBEF5F5C4480666
OBOL address: 0x4Ff8788C61abC77d0e8dC6e7469857F654C0df03
DeathVerifier address: 0xB66E074437A2b420Ee50DDD03B1047C01DBcd0E5
Sarcophagus address: 0xEdBe4b9b9d47B432A8e8230b97E2e1eE78d23591
      Γ£ö Should handle reward supply exhaustion gracefully
    ≡ƒòÉ Time-based Vulnerabilities
owner: 0xf39Fd6e51aad88F6F4ce6aB8827279cffFb92266
user1: 0x70997970C51812dc3A010C7d01b50e0d17dc79C8
user2: 0x3C44CdDdB6a900fa2b585dd299e03d12FA4293BC
user3: 0x90F79bf6EB2c4f870365E785982E1f101E93b906
oracle: 0x15d34AAf54267DB7D7c367839AAf71A00a2C6A65
attacker: 0x9965507D1a55bcC2695C58ba16FB37d819B0A4dc
mockVTHO address: 0xe7D757FdeB78A806A72A652ac411738DEbC1670E
mockB3TR address: 0x1CD1a7E4158Eb444bC55AaE2b89bE7E03a4E6Ae5
mockGLO address: 0xf189e9EBCE19Ca3FC94427e64d4fa64D4118a180
OBOL address: 0x6E6EeECC3F19665769b2d61a797088226B10903e
DeathVerifier address: 0x9589f149FDcEe08aB054525EF8228F10CFD359C2
Sarcophagus address: 0xdE470275F6D4782EB249019BeBFF1C0cC5B4491E
      25) Should handle timestamp manipulation
owner: 0xf39Fd6e51aad88F6F4ce6aB8827279cffFb92266
user1: 0x70997970C51812dc3A010C7d01b50e0d17dc79C8
user2: 0x3C44CdDdB6a900fa2b585dd299e03d12FA4293BC
user3: 0x90F79bf6EB2c4f870365E785982E1f101E93b906
oracle: 0x15d34AAf54267DB7D7c367839AAf71A00a2C6A65
attacker: 0x9965507D1a55bcC2695C58ba16FB37d819B0A4dc
mockVTHO address: 0xd3d0d598E6BD0a6B667c4e8B0C3C11c20bb1f089
mockB3TR address: 0x7c07edcB223c16d4b2fB373C476030c41f8027ae
mockGLO address: 0x69FDC34D9deC661EB590515a5194Ce19d52B4596
OBOL address: 0x335Ea63013DEcc3e270D6E095A460530c552CF3E
DeathVerifier address: 0xF6987b595D4196A40db287ef77eEf181BB045272
Sarcophagus address: 0x688F01FF7f8e48ED6A209fC965c77e2980af7c21
      Γ£ö Should handle negative time differences
    ≡ƒÄ¡ Front-running Protection
owner: 0xf39Fd6e51aad88F6F4ce6aB8827279cffFb92266
user1: 0x70997970C51812dc3A010C7d01b50e0d17dc79C8
user2: 0x3C44CdDdB6a900fa2b585dd299e03d12FA4293BC
user3: 0x90F79bf6EB2c4f870365E785982E1f101E93b906
oracle: 0x15d34AAf54267DB7D7c367839AAf71A00a2C6A65
attacker: 0x9965507D1a55bcC2695C58ba16FB37d819B0A4dc
mockVTHO address: 0x3CC5A9309f690aA430BF2145537a8eb4337aC617
mockB3TR address: 0x2bf50B0699e8165C7976181b80dAecEC09Fa4806
mockGLO address: 0x9cEf3df356429d6A49236D9488da8ce52b721eB6
OBOL address: 0xBf3556521fD4F94fF688d715A96a75258bee339d
DeathVerifier address: 0xCd86135176a1e054912EC5CFbe6B6ACf0C36c81e
Sarcophagus address: 0xc9a1c15d6B5DB1DffC067CA23B68C8aa99D042C1
      26) Should prevent front-running in reward claiming
    ≡ƒöì Input Validation
owner: 0xf39Fd6e51aad88F6F4ce6aB8827279cffFb92266
user1: 0x70997970C51812dc3A010C7d01b50e0d17dc79C8
user2: 0x3C44CdDdB6a900fa2b585dd299e03d12FA4293BC
user3: 0x90F79bf6EB2c4f870365E785982E1f101E93b906
oracle: 0x15d34AAf54267DB7D7c367839AAf71A00a2C6A65
attacker: 0x9965507D1a55bcC2695C58ba16FB37d819B0A4dc
mockVTHO address: 0xc952604CAD092D7bc5E17C46933fc0f06E059C2f
mockB3TR address: 0x97Bc7304d04Cd3323bbF0d69380674394aCB7c70
mockGLO address: 0x969C735722445B1c91a39B0c9b11Dad651fC54c3
OBOL address: 0xB41e747bC9d07c85F020618A3A07d50F96703A78
DeathVerifier address: 0xA338f091891489A20e4E80E2a24FA58aC9BaF143
Sarcophagus address: 0xb16CA24E16c58f817fe627321a0eeb5f9BeBf23F
      Γ£ö Should validate user addresses
owner: 0xf39Fd6e51aad88F6F4ce6aB8827279cffFb92266
user1: 0x70997970C51812dc3A010C7d01b50e0d17dc79C8
user2: 0x3C44CdDdB6a900fa2b585dd299e03d12FA4293BC
user3: 0x90F79bf6EB2c4f870365E785982E1f101E93b906
oracle: 0x15d34AAf54267DB7D7c367839AAf71A00a2C6A65
attacker: 0x9965507D1a55bcC2695C58ba16FB37d819B0A4dc
mockVTHO address: 0x805Edf48678447c9599C11E01F61d4fCe5Da5313
mockB3TR address: 0x196c8dA77e48d29890B90483E894E53A234957d0
mockGLO address: 0x7ba13e11e428260b98D8630407b1806FF617A8e4
OBOL address: 0xA4eBc4762601EE5792349044c796Ce3da9A13f1A
DeathVerifier address: 0x704829fE2F558068fD286C90134DA458DAa3fD87
Sarcophagus address: 0x9B0575fF84fD37af51fdE40B8b7825f055966d4d
      Γ£ö Should validate deposit amounts
owner: 0xf39Fd6e51aad88F6F4ce6aB8827279cffFb92266
user1: 0x70997970C51812dc3A010C7d01b50e0d17dc79C8
user2: 0x3C44CdDdB6a900fa2b585dd299e03d12FA4293BC
user3: 0x90F79bf6EB2c4f870365E785982E1f101E93b906
oracle: 0x15d34AAf54267DB7D7c367839AAf71A00a2C6A65
attacker: 0x9965507D1a55bcC2695C58ba16FB37d819B0A4dc
mockVTHO address: 0x98b198fd9B2B2136346a9278c890fC83cce85Ba9
mockB3TR address: 0x937f8bb67B61ad405D56BD3e1094b172D96B4038
mockGLO address: 0xC30163Da03FcB887085935951E8D4697D62f1903
OBOL address: 0x6f2b20448A8646d7B6A08875c19b752aD1bb333A
DeathVerifier address: 0x3cb202bF5dbca2a812cAB50B6851d578D15e8eb0
Sarcophagus address: 0x2b201394d836B85A1a1477cA766Cb58cc95394ab
      Γ£ö Should validate age in verification
owner: 0xf39Fd6e51aad88F6F4ce6aB8827279cffFb92266
user1: 0x70997970C51812dc3A010C7d01b50e0d17dc79C8
user2: 0x3C44CdDdB6a900fa2b585dd299e03d12FA4293BC
user3: 0x90F79bf6EB2c4f870365E785982E1f101E93b906
oracle: 0x15d34AAf54267DB7D7c367839AAf71A00a2C6A65
attacker: 0x9965507D1a55bcC2695C58ba16FB37d819B0A4dc
mockVTHO address: 0xBFa5f1acA45FC4A6B726814F8ED855709A2c0BE7
mockB3TR address: 0x42Ec321AfC3D607BE5dB1eC1E83664167ECac3c7
mockGLO address: 0x246F0fCaF2Fa206dbaf575e604C5a81CF4b15C68
OBOL address: 0x026Bae7f033E7B7ac0953b104151603270379a8B
DeathVerifier address: 0xB21816b3c38e40959280aC2d81EDd8E414342766
Sarcophagus address: 0x7078df561cF252bdDa2BfC987DABB476dEc31b17
      27) Should prevent DoS attacks with many beneficiaries
owner: 0xf39Fd6e51aad88F6F4ce6aB8827279cffFb92266
user1: 0x70997970C51812dc3A010C7d01b50e0d17dc79C8
user2: 0x3C44CdDdB6a900fa2b585dd299e03d12FA4293BC
user3: 0x90F79bf6EB2c4f870365E785982E1f101E93b906
oracle: 0x15d34AAf54267DB7D7c367839AAf71A00a2C6A65
attacker: 0x9965507D1a55bcC2695C58ba16FB37d819B0A4dc
mockVTHO address: 0x10f179009e2f0007b341F82990d905C5AcA43211
mockB3TR address: 0x0eB994C066a6e27B196F27874c743A6bEd657600
mockGLO address: 0x6E0137825B06e5E983439E76Fc6b4c5A40359A4b
OBOL address: 0x5D7981C271c9A0Ece24D2b4f8ea91dC9a56AF512
DeathVerifier address: 0xC905388A3F73d796494b4D8D164844e166B0bA48
Sarcophagus address: 0xA058b82EAB4966B1D9A10Fe0aC224FC34a69751F
      Γ£ö Should prevent excessive deposit amounts
owner: 0xf39Fd6e51aad88F6F4ce6aB8827279cffFb92266
user1: 0x70997970C51812dc3A010C7d01b50e0d17dc79C8
user2: 0x3C44CdDdB6a900fa2b585dd299e03d12FA4293BC
user3: 0x90F79bf6EB2c4f870365E785982E1f101E93b906
oracle: 0x15d34AAf54267DB7D7c367839AAf71A00a2C6A65
attacker: 0x9965507D1a55bcC2695C58ba16FB37d819B0A4dc
mockVTHO address: 0x35237B527acCe7a29Ada67E0B9949632c531Ffc2
mockB3TR address: 0x49Afdb3919a944b1BaeE43c566Da632623D2ed8a
mockGLO address: 0x625C861fC7A5C75eBc3E7F273B66b94A76F078C9
OBOL address: 0xE2E3d9Ad116768b4065ba6A7659B119C80aff0b4
DeathVerifier address: 0x3C04eFaED53ab8b35eD8D58F075cdCb0D22603Db
Sarcophagus address: 0xdD738b624280eEFf742471e0F22D32dB1c3bd07a
      Γ£ö Should handle edge case age verification
    ≡ƒöÆ Advanced Reentrancy Protection
owner: 0xf39Fd6e51aad88F6F4ce6aB8827279cffFb92266
user1: 0x70997970C51812dc3A010C7d01b50e0d17dc79C8
user2: 0x3C44CdDdB6a900fa2b585dd299e03d12FA4293BC
user3: 0x90F79bf6EB2c4f870365E785982E1f101E93b906
oracle: 0x15d34AAf54267DB7D7c367839AAf71A00a2C6A65
attacker: 0x9965507D1a55bcC2695C58ba16FB37d819B0A4dc
mockVTHO address: 0x950C753C0EdbDE44a74d3793db738a318e9c8ce8
mockB3TR address: 0x16617fEa670AeFE3b9051096c0EB4AEB4b3a5f55
mockGLO address: 0x13c46865e120b9a763526A8dCE8FDb0B0E868106
OBOL address: 0xc7110531377624B8d9264561E9B75262fE7cCD29
DeathVerifier address: 0x7b194fBF78eeb62044985d37c9c4cDF6F4f0CA28
Sarcophagus address: 0xEFD638Cf158A59CC65157CE4CE16fbc93AcFC08a
      28) Should prevent reentrancy in inheritance claiming
owner: 0xf39Fd6e51aad88F6F4ce6aB8827279cffFb92266
user1: 0x70997970C51812dc3A010C7d01b50e0d17dc79C8
user2: 0x3C44CdDdB6a900fa2b585dd299e03d12FA4293BC
user3: 0x90F79bf6EB2c4f870365E785982E1f101E93b906
oracle: 0x15d34AAf54267DB7D7c367839AAf71A00a2C6A65
attacker: 0x9965507D1a55bcC2695C58ba16FB37d819B0A4dc
mockVTHO address: 0xA3c5E24dCE36ABa080eBc9c4444dad7E578A17EF
mockB3TR address: 0x42D05eFde772c95C48863e43478B489a250ce7c4
mockGLO address: 0x19BAD07d34582EF616BD66f82307d684dA642b95
OBOL address: 0x0384d7b9d2fD93F640255bec9a498a9e761a5150
DeathVerifier address: 0x1459213733F023b55444487eE9385A8266FD0F08
Sarcophagus address: 0x96cb05af7262B12F2A5ffC488bbF9a63d006d04f
      29) Should prevent reentrancy in user verification
owner: 0xf39Fd6e51aad88F6F4ce6aB8827279cffFb92266
user1: 0x70997970C51812dc3A010C7d01b50e0d17dc79C8
user2: 0x3C44CdDdB6a900fa2b585dd299e03d12FA4293BC
user3: 0x90F79bf6EB2c4f870365E785982E1f101E93b906
oracle: 0x15d34AAf54267DB7D7c367839AAf71A00a2C6A65
attacker: 0x9965507D1a55bcC2695C58ba16FB37d819B0A4dc
mockVTHO address: 0xBE7C7BBB91FEDf4ccd2387c031268BbD5e17B75f
mockB3TR address: 0x0331A46Ab6A93Ec9f7E70901161B16334888291E
mockGLO address: 0xD86162b09b0a3D50970Def6D77430Ba7200DD2B2
OBOL address: 0xB0f627A7293B01C9eeC37916b54384Ba48B65D2f
DeathVerifier address: 0x636DFd93fE87A9D1f15497eB54A2E4F9dCc0Aae5
Sarcophagus address: 0xa4e4d35B2797Ae9E7aCc2f2867D4ee43B0246854
      30) Should prevent reentrancy in sarcophagus creation
    ≡ƒÆ░ Advanced Economic Attacks
owner: 0xf39Fd6e51aad88F6F4ce6aB8827279cffFb92266
user1: 0x70997970C51812dc3A010C7d01b50e0d17dc79C8
user2: 0x3C44CdDdB6a900fa2b585dd299e03d12FA4293BC
user3: 0x90F79bf6EB2c4f870365E785982E1f101E93b906
oracle: 0x15d34AAf54267DB7D7c367839AAf71A00a2C6A65
attacker: 0x9965507D1a55bcC2695C58ba16FB37d819B0A4dc
mockVTHO address: 0xB70B1034011bff006a67281653b0C91Fa2c7aa79
mockB3TR address: 0x5528411938D864DAB231Cb5C1E2556713E56Ba51
mockGLO address: 0x292E27B2b439Bb485265aBA27c131247B13593c1
OBOL address: 0x43F48c3DC6df4674219923F2d4f8880d5E3CCC4c
DeathVerifier address: 0x512F94E0a875516da53e2e59aC1995d6B2fbF781
Sarcophagus address: 0x541352B9860de4C4bf8d8cC4e79Af90aB6f35A4c
      31) Should prevent flash loan attacks on reward calculations
owner: 0xf39Fd6e51aad88F6F4ce6aB8827279cffFb92266
user1: 0x70997970C51812dc3A010C7d01b50e0d17dc79C8
user2: 0x3C44CdDdB6a900fa2b585dd299e03d12FA4293BC
user3: 0x90F79bf6EB2c4f870365E785982E1f101E93b906
oracle: 0x15d34AAf54267DB7D7c367839AAf71A00a2C6A65
attacker: 0x9965507D1a55bcC2695C58ba16FB37d819B0A4dc
mockVTHO address: 0x56BBC4969818d4E27Fe39983f8aDee4F3e1C5c6f
mockB3TR address: 0x51522C5D19dF4841B3eC82d1F97e1D08E8BFf37f
mockGLO address: 0xc81319b8D5A7Df0c3BE61eEdeB4C26186C993d34
OBOL address: 0xDcbd0d0A904eAad4e2935745faD7c27eBD9BC862
DeathVerifier address: 0xec8eEef80bda591e5f909c39C743EC437B8D9e17
Sarcophagus address: 0xde54dEe81876c4696044714Ee375ba8bc037b14B
      32) Should prevent reward manipulation through multiple deposits
owner: 0xf39Fd6e51aad88F6F4ce6aB8827279cffFb92266
user1: 0x70997970C51812dc3A010C7d01b50e0d17dc79C8
user2: 0x3C44CdDdB6a900fa2b585dd299e03d12FA4293BC
user3: 0x90F79bf6EB2c4f870365E785982E1f101E93b906
oracle: 0x15d34AAf54267DB7D7c367839AAf71A00a2C6A65
attacker: 0x9965507D1a55bcC2695C58ba16FB37d819B0A4dc
mockVTHO address: 0xF407ed1303e3AE63a0e277AB7817A79A152e86Ef
mockB3TR address: 0xDf7d35644669c5EB815306900eAC060F87E1965C
mockGLO address: 0x07b3419cA340DdB3D813C5e6eCeA5C1085EFC1f2
OBOL address: 0xB5b7fFD9CeD94F0c843463dfAE44f8d0C441F5bB
DeathVerifier address: 0x2eB785384719E86087e049DBB7A972A73Ec801c3
Sarcophagus address: 0x9A5710098B845e7841E1D09E1bde0dC1e30374AC
      33) Should prevent reward farming through rapid deposit/withdraw cycles
    ≡ƒÄ» Advanced Logic Vulnerabilities
owner: 0xf39Fd6e51aad88F6F4ce6aB8827279cffFb92266
user1: 0x70997970C51812dc3A010C7d01b50e0d17dc79C8
user2: 0x3C44CdDdB6a900fa2b585dd299e03d12FA4293BC
user3: 0x90F79bf6EB2c4f870365E785982E1f101E93b906
oracle: 0x15d34AAf54267DB7D7c367839AAf71A00a2C6A65
attacker: 0x9965507D1a55bcC2695C58ba16FB37d819B0A4dc
mockVTHO address: 0xbf474A2dF13e71fE2bfe4F21DF8FEf58C46cc735
mockB3TR address: 0xA004df2beeF4EF4a58333B814A16c677c1DF4E64
mockGLO address: 0xfE435387201D3327983d19293B60C1C014E61650
OBOL address: 0xD86bc69b52508368622E4F9f8f70a603FFbFC89C
DeathVerifier address: 0xEAEa45b8078f9fcA46DFb42b16016c8C234F7ff3
Sarcophagus address: 0xe5AF54AA3f81E0cc23d7EBEe959570bdbF8eD598
      34) Should prevent inheritance claims after beneficiary removal
owner: 0xf39Fd6e51aad88F6F4ce6aB8827279cffFb92266
user1: 0x70997970C51812dc3A010C7d01b50e0d17dc79C8
user2: 0x3C44CdDdB6a900fa2b585dd299e03d12FA4293BC
user3: 0x90F79bf6EB2c4f870365E785982E1f101E93b906
oracle: 0x15d34AAf54267DB7D7c367839AAf71A00a2C6A65
attacker: 0x9965507D1a55bcC2695C58ba16FB37d819B0A4dc
mockVTHO address: 0x5Ac881DF30b6F9d1b8c370Dc493B4A1B2c8bCCd2
mockB3TR address: 0x1825B4c62A70f5E53323F1b3fEAAA22F451E033b
mockGLO address: 0xa34516321e89ADB4cBfadF8B432597f3c7a471FF
OBOL address: 0x938d59DA07F52887f701E82a7CCd654a55C1593d
DeathVerifier address: 0xacFBE65392356184b400b941E8DFEEeE65e86F6E
Sarcophagus address: 0x2c043A87f6FC960a035b0465bcb9BBAcd9f38589
      35) Should prevent multiple death verifications
owner: 0xf39Fd6e51aad88F6F4ce6aB8827279cffFb92266
user1: 0x70997970C51812dc3A010C7d01b50e0d17dc79C8
user2: 0x3C44CdDdB6a900fa2b585dd299e03d12FA4293BC
user3: 0x90F79bf6EB2c4f870365E785982E1f101E93b906
oracle: 0x15d34AAf54267DB7D7c367839AAf71A00a2C6A65
attacker: 0x9965507D1a55bcC2695C58ba16FB37d819B0A4dc
mockVTHO address: 0xe256cC09C5b20e90f753384CfD3D34f4774711C6
mockB3TR address: 0x1e8E269Ff088084933Ac451Af6DB0ed70b0B45BD
mockGLO address: 0x229CA99574909692eC72e96053dCafd91de951e2
OBOL address: 0x25bDeB03a8f9f02928Bf035730363eBdef9bdA31
DeathVerifier address: 0x4FCe758EceE5aA7Fda5b1A04356Dbfa265061BE3
Sarcophagus address: 0x62f4807082fa27E711784C53fE5CBF056E6C11B2
      36) Should prevent inheritance claims with invalid beneficiary percentages
owner: 0xf39Fd6e51aad88F6F4ce6aB8827279cffFb92266
user1: 0x70997970C51812dc3A010C7d01b50e0d17dc79C8
user2: 0x3C44CdDdB6a900fa2b585dd299e03d12FA4293BC
user3: 0x90F79bf6EB2c4f870365E785982E1f101E93b906
oracle: 0x15d34AAf54267DB7D7c367839AAf71A00a2C6A65
attacker: 0x9965507D1a55bcC2695C58ba16FB37d819B0A4dc
mockVTHO address: 0xd36760784b287A381E58c9491624Da172414914a
mockB3TR address: 0xE943d2c6210265DeF5C06580482187Ef56f2bd18
mockGLO address: 0x839fdCcB5Bf005CBdD84DD2700fbd9B64bD94772
OBOL address: 0x1Da55d8D54B0a4fbb8bC75C179fb28def5E91330
DeathVerifier address: 0xB2a1012200e3B0c228DDbD18c7312C6137dd3662
Sarcophagus address: 0x9e5759a3b59E5EFeB980f3884db390418B16b6FE
      37) Should prevent inheritance claims with zero beneficiaries
    ≡ƒöÉ Advanced Access Control
owner: 0xf39Fd6e51aad88F6F4ce6aB8827279cffFb92266
user1: 0x70997970C51812dc3A010C7d01b50e0d17dc79C8
user2: 0x3C44CdDdB6a900fa2b585dd299e03d12FA4293BC
user3: 0x90F79bf6EB2c4f870365E785982E1f101E93b906
oracle: 0x15d34AAf54267DB7D7c367839AAf71A00a2C6A65
attacker: 0x9965507D1a55bcC2695C58ba16FB37d819B0A4dc
mockVTHO address: 0xc325d32CCc1ADf49d602a013B702Eeb9Fa02bF1d
mockB3TR address: 0xB0682a5F51AE7A5E598DE992E7e72a30C5FB24e0
mockGLO address: 0xc96D9C5DAcBcACc47728E2494C0F83eA03a36507
OBOL address: 0xf33C53c7e37115220dCFA19ABFddAD19f06643ff
DeathVerifier address: 0x848c0fF71731CE5568e7ae9C4A8cfE0aE12642dc
Sarcophagus address: 0x0373771b0a8A53dEA04b8A7F33763fc73663440A
      Γ£ö Should prevent role escalation attacks
owner: 0xf39Fd6e51aad88F6F4ce6aB8827279cffFb92266
user1: 0x70997970C51812dc3A010C7d01b50e0d17dc79C8
user2: 0x3C44CdDdB6a900fa2b585dd299e03d12FA4293BC
user3: 0x90F79bf6EB2c4f870365E785982E1f101E93b906
oracle: 0x15d34AAf54267DB7D7c367839AAf71A00a2C6A65
attacker: 0x9965507D1a55bcC2695C58ba16FB37d819B0A4dc
mockVTHO address: 0x01573eC31E4b0f87B30008d869192faA3cd9714D
mockB3TR address: 0x617F736317e8D807ae7c0821388B26EFe0020CbC
mockGLO address: 0x9c5a467ca0c1BD182d0d5E0eb838261C2a2902D0
OBOL address: 0xb228c48Cf7766b80490Ed0Ef4a3A5C557aEEE867
DeathVerifier address: 0x57d6167a7c204DEAa4B2a0004Bf1f4A197437500
Sarcophagus address: 0x622e8Bc96bA8DC25B82c6280b03d1fbBD14BA796
      Γ£ö Should prevent unauthorized role revocations
owner: 0xf39Fd6e51aad88F6F4ce6aB8827279cffFb92266
user1: 0x70997970C51812dc3A010C7d01b50e0d17dc79C8
user2: 0x3C44CdDdB6a900fa2b585dd299e03d12FA4293BC
user3: 0x90F79bf6EB2c4f870365E785982E1f101E93b906
oracle: 0x15d34AAf54267DB7D7c367839AAf71A00a2C6A65
attacker: 0x9965507D1a55bcC2695C58ba16FB37d819B0A4dc
mockVTHO address: 0x439c09706D52e577B036E67b63308C7f218d2b22
mockB3TR address: 0x2948dcd1B5537E3C0a596716b908AE23ab06CDa9
mockGLO address: 0x0B5A21132Ea8A7667B75C29a1b52F7529CfC07C1
OBOL address: 0x1f9f7A61d5d8A2CbcAe46ce67ADb5b11D244B24F
DeathVerifier address: 0x4182AE5ebCf3703AD3ADB95df08a1FaDF2dFeB62
Sarcophagus address: 0x5c381F8Fb58622beD71119dEA591e7aeF5Bc52F0
      38) Should prevent unauthorized oracle operations
    ≡ƒôè Advanced Precision and Overflow Protection
owner: 0xf39Fd6e51aad88F6F4ce6aB8827279cffFb92266
user1: 0x70997970C51812dc3A010C7d01b50e0d17dc79C8
user2: 0x3C44CdDdB6a900fa2b585dd299e03d12FA4293BC
user3: 0x90F79bf6EB2c4f870365E785982E1f101E93b906
oracle: 0x15d34AAf54267DB7D7c367839AAf71A00a2C6A65
attacker: 0x9965507D1a55bcC2695C58ba16FB37d819B0A4dc
mockVTHO address: 0xaCA94E6d7787c91959Fc1277544f172AaC74c2d2
mockB3TR address: 0x66F3c281e0E9086CCB478cDb94275e187A5136D8
mockGLO address: 0x74623467AeF76Cdf2E740A3ac432A7dF078D76C5
OBOL address: 0x437CDC47D173Eef97EbedE67E7dc8f7cbD6B99FB
DeathVerifier address: 0x2451c39ED4f33D0a9A786445C41e68396f7cd80c
Sarcophagus address: 0x06E5297780b87dCDD51A71Cf036E738F69Eca3e4
      39) Should handle extreme reward calculations without overflow
owner: 0xf39Fd6e51aad88F6F4ce6aB8827279cffFb92266
user1: 0x70997970C51812dc3A010C7d01b50e0d17dc79C8
user2: 0x3C44CdDdB6a900fa2b585dd299e03d12FA4293BC
user3: 0x90F79bf6EB2c4f870365E785982E1f101E93b906
oracle: 0x15d34AAf54267DB7D7c367839AAf71A00a2C6A65
attacker: 0x9965507D1a55bcC2695C58ba16FB37d819B0A4dc
mockVTHO address: 0x54C1aa46875D8386D7EB4C015E97109Fea0e4dEf
mockB3TR address: 0x3a22fb9886227E95411403EFeD19fdB7e41c06Ee
mockGLO address: 0xaA93067048e9f3108A73938312A7bda31801713C
OBOL address: 0x1e7454Db64082c6e6138271fe629130a8Ae45B34
DeathVerifier address: 0xE3d2Eb1590700075a14bA947e4BeEDda4af8D0e9
Sarcophagus address: 0x1867d16692cFEA9A01EEA2CD41937D03861f55d9
      Γ£ö Should handle decimal precision in small amounts
owner: 0xf39Fd6e51aad88F6F4ce6aB8827279cffFb92266
user1: 0x70997970C51812dc3A010C7d01b50e0d17dc79C8
user2: 0x3C44CdDdB6a900fa2b585dd299e03d12FA4293BC
user3: 0x90F79bf6EB2c4f870365E785982E1f101E93b906
oracle: 0x15d34AAf54267DB7D7c367839AAf71A00a2C6A65
attacker: 0x9965507D1a55bcC2695C58ba16FB37d819B0A4dc
mockVTHO address: 0x82E8F00D62fA200af7CFcc8f072aE0525e1A43fB
mockB3TR address: 0x44c4caf8F075607dEaDf02DC7bF7f0166A209d64
mockGLO address: 0xaCAd23A42d76E5BA5176E35DD3A31170c432ad21
OBOL address: 0x8Bb877fa0bbD7ea09f7aCd70eDF79dFf5b8a54dD
DeathVerifier address: 0x7A14d6249aF43d08C9b5cC82c9fa4b148365bccc
Sarcophagus address: 0x2a08133a3355634E46e3BA8d6E15d5C35F0202e4
      40) Should prevent integer overflow in beneficiary calculations
    ≡ƒòÉ Advanced Time-based Protection
owner: 0xf39Fd6e51aad88F6F4ce6aB8827279cffFb92266
user1: 0x70997970C51812dc3A010C7d01b50e0d17dc79C8
user2: 0x3C44CdDdB6a900fa2b585dd299e03d12FA4293BC
user3: 0x90F79bf6EB2c4f870365E785982E1f101E93b906
oracle: 0x15d34AAf54267DB7D7c367839AAf71A00a2C6A65
attacker: 0x9965507D1a55bcC2695C58ba16FB37d819B0A4dc
mockVTHO address: 0xe828215EB5A61a5cB62fB980288B835689af4091
mockB3TR address: 0xeC67cF0755c0A5aaD6C4A4235fDfA35c1EFEA6A9
mockGLO address: 0x49c58c6BE0680Eb756595c0F59ab3E0b6e1624cd
OBOL address: 0x7811A1648e43F1bC207d7DF21B039AE9D2870b91
DeathVerifier address: 0x736D46D93104EDd3c3968a718F02D46f422D91E9
Sarcophagus address: 0x319554eF50998660776CF0EF924073e5c416b890
      41) Should handle leap year calculations correctly
owner: 0xf39Fd6e51aad88F6F4ce6aB8827279cffFb92266
user1: 0x70997970C51812dc3A010C7d01b50e0d17dc79C8
user2: 0x3C44CdDdB6a900fa2b585dd299e03d12FA4293BC
user3: 0x90F79bf6EB2c4f870365E785982E1f101E93b906
oracle: 0x15d34AAf54267DB7D7c367839AAf71A00a2C6A65
attacker: 0x9965507D1a55bcC2695C58ba16FB37d819B0A4dc
mockVTHO address: 0xa6fedAf1699DbEba111389b5036024d67E3504eE
mockB3TR address: 0x576C5cF0774990CEf78f15B9D7d9946E44e8fDa3
mockGLO address: 0x28d9FC8645f0F09c1ba595E46BAf7f49FF4A1EB4
OBOL address: 0xe539FFF59EB1C136fabb1bc45bE9D441ec0F3899
DeathVerifier address: 0xa5100dFD6C966aC60a8E497a3545B49B12Dd45BC
Sarcophagus address: 0x03418Ae92FC2238dc565449C0a16355F22b92A4f
      42) Should handle time zone edge cases
owner: 0xf39Fd6e51aad88F6F4ce6aB8827279cffFb92266
user1: 0x70997970C51812dc3A010C7d01b50e0d17dc79C8
user2: 0x3C44CdDdB6a900fa2b585dd299e03d12FA4293BC
user3: 0x90F79bf6EB2c4f870365E785982E1f101E93b906
oracle: 0x15d34AAf54267DB7D7c367839AAf71A00a2C6A65
attacker: 0x9965507D1a55bcC2695C58ba16FB37d819B0A4dc
mockVTHO address: 0xfED937525913Edf4d0D8f8e67EF0Ca57F53f0867
mockB3TR address: 0x289BD64Deb826c134dA670f8B759FB4CA018dF4B
mockGLO address: 0xE53bB721f8A434Ad562c248Fd4C6a7714eC06787
OBOL address: 0x8A8A78145ceE1f9FBAbEA2D2b16fc3f945CB5E90
DeathVerifier address: 0x60561809A51039fd14f4649072517B1dEDd5c429
Sarcophagus address: 0x2dAf98827E5B9891B0e5efC69421D15A3BB00A1E
      43) Should prevent time manipulation through block timestamp
    ≡ƒÄ¡ Advanced Front-running Protection
owner: 0xf39Fd6e51aad88F6F4ce6aB8827279cffFb92266
user1: 0x70997970C51812dc3A010C7d01b50e0d17dc79C8
user2: 0x3C44CdDdB6a900fa2b585dd299e03d12FA4293BC
user3: 0x90F79bf6EB2c4f870365E785982E1f101E93b906
oracle: 0x15d34AAf54267DB7D7c367839AAf71A00a2C6A65
attacker: 0x9965507D1a55bcC2695C58ba16FB37d819B0A4dc
mockVTHO address: 0xC590836DeFBc8Ed2B0D4481da40D305A5b38de6C
mockB3TR address: 0x0659A97068958Ebaba97121A6D7a2a95924824Ea
mockGLO address: 0xC2FE2F49B3a1384aEdFAae127F054FAf216eF684
OBOL address: 0x739f0aCef964f87Bc7974D972a811f8417d74B4C
DeathVerifier address: 0x68b6014a12702891757fE994d70dE411FF74B94e
Sarcophagus address: 0xF0F53654c24ae511099D032020975C4baa273d12
      44) Should prevent MEV attacks on inheritance claims
owner: 0xf39Fd6e51aad88F6F4ce6aB8827279cffFb92266
user1: 0x70997970C51812dc3A010C7d01b50e0d17dc79C8
user2: 0x3C44CdDdB6a900fa2b585dd299e03d12FA4293BC
user3: 0x90F79bf6EB2c4f870365E785982E1f101E93b906
oracle: 0x15d34AAf54267DB7D7c367839AAf71A00a2C6A65
attacker: 0x9965507D1a55bcC2695C58ba16FB37d819B0A4dc
mockVTHO address: 0xFC3115156e389729E2eE1e5d0cb27211A14cb19F
mockB3TR address: 0x45dC37Fe52a97A38B52F3f29633776b4A04324a5
mockGLO address: 0xE299f07Ee7ac5C477E340B4D24B86A235026aAd3
OBOL address: 0x3860B063928436F548c3A58A40c4d1d171E78838
DeathVerifier address: 0x59D0e1Cd1b5521E8F21AcA6B8Fd95181297E2784
Sarcophagus address: 0xD2457203be19A6F6B0298e5a02b97B8811405487
      Γ£ö Should prevent sandwich attacks on deposits
    ≡ƒöì Input Validation
owner: 0xf39Fd6e51aad88F6F4ce6aB8827279cffFb92266
user1: 0x70997970C51812dc3A010C7d01b50e0d17dc79C8
user2: 0x3C44CdDdB6a900fa2b585dd299e03d12FA4293BC
user3: 0x90F79bf6EB2c4f870365E785982E1f101E93b906
oracle: 0x15d34AAf54267DB7D7c367839AAf71A00a2C6A65
attacker: 0x9965507D1a55bcC2695C58ba16FB37d819B0A4dc
mockVTHO address: 0xF256665EdDf4cf2Eb456A53F9899e597c30384D5
mockB3TR address: 0x9739ff5bF5fe4769158df19b5C2a41dfDa0098e0
mockGLO address: 0x65933e6885FeBC647659766A7837dd410cCDcb65
OBOL address: 0xC9481A6935698050E569AcD70078DAD8303871CF
DeathVerifier address: 0x4Df2b6836e11c63b7D762868979e14Df481F09a7
Sarcophagus address: 0xb7aCdc1Ae11554dfe98aA8791DCEE0F009155D5e
      45) Should validate life expectancy calculations
owner: 0xf39Fd6e51aad88F6F4ce6aB8827279cffFb92266
user1: 0x70997970C51812dc3A010C7d01b50e0d17dc79C8
user2: 0x3C44CdDdB6a900fa2b585dd299e03d12FA4293BC
user3: 0x90F79bf6EB2c4f870365E785982E1f101E93b906
oracle: 0x15d34AAf54267DB7D7c367839AAf71A00a2C6A65
attacker: 0x9965507D1a55bcC2695C58ba16FB37d819B0A4dc
mockVTHO address: 0x733697D06E9AbC1C45d1a1c75D18910d43133a6F
mockB3TR address: 0xb53249FEBB6562Abf19BD728d6775c09d2ae0438
mockGLO address: 0x6599c6f3E66A5Cd86bA7F826BA7d56CC5d3196FA
OBOL address: 0x1E430CE702C8f7903BF0522Eae7faeB32634F1D2
DeathVerifier address: 0x2F308f776Bf654e3E068801925a8dc3C9830390A
Sarcophagus address: 0xF31c1E4a4339Df9E85f8D3f26Fb4f9C2E095a9EB
      Γ£ö Should prevent duplicate sarcophagus creation
    ≡ƒÜ¿ Advanced DoS Protection
owner: 0xf39Fd6e51aad88F6F4ce6aB8827279cffFb92266
user1: 0x70997970C51812dc3A010C7d01b50e0d17dc79C8
user2: 0x3C44CdDdB6a900fa2b585dd299e03d12FA4293BC
user3: 0x90F79bf6EB2c4f870365E785982E1f101E93b906
oracle: 0x15d34AAf54267DB7D7c367839AAf71A00a2C6A65
attacker: 0x9965507D1a55bcC2695C58ba16FB37d819B0A4dc
mockVTHO address: 0xe3765f851977Ed7B377D0234e9275845fc960775
mockB3TR address: 0x8467806e70FbE05Ca5e17f5d316C09F5bD2391bC
mockGLO address: 0x8Fb529e2982695d536336EE1b44B66F3Fd5769e8
OBOL address: 0x7499c695c0edA7bA880CeE197dA0175425162a43
DeathVerifier address: 0x6574F3dea1EB56b9F2e752cB93b7Cc8739176cd5
Sarcophagus address: 0x19Bf1e02478B6FFd9607D12c5AcE6cDbdD4D00e7
      Γ£ö Should prevent storage exhaustion through repeated operations
owner: 0xf39Fd6e51aad88F6F4ce6aB8827279cffFb92266
user1: 0x70997970C51812dc3A010C7d01b50e0d17dc79C8
user2: 0x3C44CdDdB6a900fa2b585dd299e03d12FA4293BC
user3: 0x90F79bf6EB2c4f870365E785982E1f101E93b906
oracle: 0x15d34AAf54267DB7D7c367839AAf71A00a2C6A65
attacker: 0x9965507D1a55bcC2695C58ba16FB37d819B0A4dc
mockVTHO address: 0xb5c4569617320146c8510A9Cf432dd2f86acf6d1
mockB3TR address: 0x2a5480c25649aAe2058e9701dBBe0c1e187C9FD7
mockGLO address: 0xB6888174e4BD6f052115c0428524da1DA8B6bE00
OBOL address: 0xf72393176CE5423a703b095600c23ccA790f4419
DeathVerifier address: 0x8c48355548890c0Cb973aCbBCf4ce5b5B8c85b66
Sarcophagus address: 0xe64d3fe8daC38E035206f16e28fBF62cd92C076F
      46) Should prevent event spam attacks
owner: 0xf39Fd6e51aad88F6F4ce6aB8827279cffFb92266
user1: 0x70997970C51812dc3A010C7d01b50e0d17dc79C8
user2: 0x3C44CdDdB6a900fa2b585dd299e03d12FA4293BC
user3: 0x90F79bf6EB2c4f870365E785982E1f101E93b906
oracle: 0x15d34AAf54267DB7D7c367839AAf71A00a2C6A65
attacker: 0x9965507D1a55bcC2695C58ba16FB37d819B0A4dc
mockVTHO address: 0x8f7E2D2Fbd0a00A54396143f1BF3dB9e604C5f8C
mockB3TR address: 0xc2504cD8ca96723c248df5d696B921a3332f1d38
mockGLO address: 0xA36B5Fec0E93d24908fAA9966535567E9f888994
OBOL address: 0x975bb8dFf1297566b2a8364a1E5BFb8a3d208f32
DeathVerifier address: 0x91cc800FfeCd3126cF20e1e15904235d0175b950
Sarcophagus address: 0xB7757653FDe43C6c337743647a31bf14Bab7cF83
      Γ£ö Should prevent external call DoS through malicious contracts
owner: 0xf39Fd6e51aad88F6F4ce6aB8827279cffFb92266
user1: 0x70997970C51812dc3A010C7d01b50e0d17dc79C8
user2: 0x3C44CdDdB6a900fa2b585dd299e03d12FA4293BC
user3: 0x90F79bf6EB2c4f870365E785982E1f101E93b906
oracle: 0x15d34AAf54267DB7D7c367839AAf71A00a2C6A65
attacker: 0x9965507D1a55bcC2695C58ba16FB37d819B0A4dc
mockVTHO address: 0xbFd1bf336a68442dA3e05Ca4d8d9Afd0D53D25e2
mockB3TR address: 0xfE9a03a350B21B9DF282C7356E4419C14Da1661c
mockGLO address: 0x72c0B892f1096e3c64d529a6b8d93daA252c2C27
OBOL address: 0x3C7a681e0090E67910035186e85Cde7B71dC3d28
DeathVerifier address: 0x2eBc1a46d59db0FcC8CFC9e387Bf72E68b4797fb
Sarcophagus address: 0x9a35F13Ed8DB3FbDBA56bF3202Eb3A7191C43385
      47) Should prevent cross-function reentrancy DoS
owner: 0xf39Fd6e51aad88F6F4ce6aB8827279cffFb92266
user1: 0x70997970C51812dc3A010C7d01b50e0d17dc79C8
user2: 0x3C44CdDdB6a900fa2b585dd299e03d12FA4293BC
user3: 0x90F79bf6EB2c4f870365E785982E1f101E93b906
oracle: 0x15d34AAf54267DB7D7c367839AAf71A00a2C6A65
attacker: 0x9965507D1a55bcC2695C58ba16FB37d819B0A4dc
mockVTHO address: 0x560FaD9a5E874b8B535c6453AF848A211f4D2Fc9
mockB3TR address: 0xfA400DAD72F107baab829953a860D9cc971b1FaC
mockGLO address: 0x6358cCe76aD9185c37BD0e3CF976Cc132841fA68
OBOL address: 0x5eb0B9B87a718c6Bd45C8883913d2468180697bA
DeathVerifier address: 0x70274a6D27bD9173FC8fe9369FD7dcbE85231F26
Sarcophagus address: 0x4924322ec75E8F8b7851CfAFAC11227873d28D67
      48) Should prevent block gas limit attacks
owner: 0xf39Fd6e51aad88F6F4ce6aB8827279cffFb92266
user1: 0x70997970C51812dc3A010C7d01b50e0d17dc79C8
user2: 0x3C44CdDdB6a900fa2b585dd299e03d12FA4293BC
user3: 0x90F79bf6EB2c4f870365E785982E1f101E93b906
oracle: 0x15d34AAf54267DB7D7c367839AAf71A00a2C6A65
attacker: 0x9965507D1a55bcC2695C58ba16FB37d819B0A4dc
mockVTHO address: 0x2142B5F919A67fa421d118D626A9Ee889D4a5422
mockB3TR address: 0x6d041EF9096F7013d27fF7a41c17971201499879
mockGLO address: 0x5F7097ca82ed89Fc3dAB99818D493321982b9a4E
OBOL address: 0x0432CB554dCDD4012Ee81961020Bde7f40870A27
DeathVerifier address: 0xc834e8ada4ACD9B1d73A53b98f7436aa3B07721b
Sarcophagus address: 0x220c08A09bbb057E614dF761Aaf71F997a68ca01
      49) Should prevent memory exhaustion through large data structures
owner: 0xf39Fd6e51aad88F6F4ce6aB8827279cffFb92266
user1: 0x70997970C51812dc3A010C7d01b50e0d17dc79C8
user2: 0x3C44CdDdB6a900fa2b585dd299e03d12FA4293BC
user3: 0x90F79bf6EB2c4f870365E785982E1f101E93b906
oracle: 0x15d34AAf54267DB7D7c367839AAf71A00a2C6A65
attacker: 0x9965507D1a55bcC2695C58ba16FB37d819B0A4dc
mockVTHO address: 0x2107c6AC639F21F27D38C1b048C825Ee42536690
mockB3TR address: 0x6d7EFb67236AaAeC2005ec704Bf5d755dd0703c4
mockGLO address: 0xc44C2b82dbEef6DdB195E0432Fa5e755C345D1e3
OBOL address: 0xbd605Ad2010E12c16B0cd0F2B8FE3c6d90BB51E7
DeathVerifier address: 0x063A1D1Cfc6354FB21dC6DE6fBe4B748cbD01941
Sarcophagus address: 0xA6b6bAe20a4A11CdeE202DbdE53e89E776f2dAC9
      50) Should prevent deep call stack attacks
owner: 0xf39Fd6e51aad88F6F4ce6aB8827279cffFb92266
user1: 0x70997970C51812dc3A010C7d01b50e0d17dc79C8
user2: 0x3C44CdDdB6a900fa2b585dd299e03d12FA4293BC
user3: 0x90F79bf6EB2c4f870365E785982E1f101E93b906
oracle: 0x15d34AAf54267DB7D7c367839AAf71A00a2C6A65
attacker: 0x9965507D1a55bcC2695C58ba16FB37d819B0A4dc
mockVTHO address: 0x37EEDa448D9CF94C113F4cb63c1d280D9B9E54d2
mockB3TR address: 0x3b6c662C5dE946e8f90a6efd612De67C44Fb868e
mockGLO address: 0xdEb94Ed943d70A6343E18fE81eA08bF9AB0BB6F2
OBOL address: 0x7f854de4e6D69A6EbdfFfCb92851139BA0Cc6bC0
DeathVerifier address: 0xC1D6Aa467900B8A0a9F8909810fF140C9204AA05
Sarcophagus address: 0x91823a7192472998143Fb18251Df254f9bA00428
      Γ£ö Should prevent batch operation DoS
owner: 0xf39Fd6e51aad88F6F4ce6aB8827279cffFb92266
user1: 0x70997970C51812dc3A010C7d01b50e0d17dc79C8
user2: 0x3C44CdDdB6a900fa2b585dd299e03d12FA4293BC
user3: 0x90F79bf6EB2c4f870365E785982E1f101E93b906
oracle: 0x15d34AAf54267DB7D7c367839AAf71A00a2C6A65
attacker: 0x9965507D1a55bcC2695C58ba16FB37d819B0A4dc
mockVTHO address: 0x26E028b1ad31498f598050629Bcbb9cF47038259
mockB3TR address: 0x07ec67FC9a63Ec50cf47213D4dCE8319b3560615
mockGLO address: 0xd86fDc19C2e675E6f7EC9FBe2C5342974E3eEdbe
OBOL address: 0xb3DA7a34921a292b30A903dE88ad5b74b760F345
DeathVerifier address: 0xFF502ec3403489A82Fc056f39AF303b8767871bA
Sarcophagus address: 0x1Ce1C543fB3b06110064b3D69913CdDBc7678cD4
      Γ£ö Should prevent mapping iteration DoS
owner: 0xf39Fd6e51aad88F6F4ce6aB8827279cffFb92266
user1: 0x70997970C51812dc3A010C7d01b50e0d17dc79C8
user2: 0x3C44CdDdB6a900fa2b585dd299e03d12FA4293BC
user3: 0x90F79bf6EB2c4f870365E785982E1f101E93b906
oracle: 0x15d34AAf54267DB7D7c367839AAf71A00a2C6A65
attacker: 0x9965507D1a55bcC2695C58ba16FB37d819B0A4dc
mockVTHO address: 0x2339Ce63D84e3980bbDf073fD77ce18f5F4A8A66
mockB3TR address: 0x6AA9e49377fBeAC7295A761C40da04563694Dfc4
mockGLO address: 0xF8DD5F9677c8ee8aAaCf8dBc418Fa80BDE112CfD
OBOL address: 0xd6F071b83dB4288239465932832Bd035944ab452
DeathVerifier address: 0xB997861a190E474BCa7c77dFfd0AB4A3E869c7D8
Sarcophagus address: 0xA25c35588875078ae6fe300C82b0220Faa5B22cc
      Γ£ö Should prevent state corruption DoS
owner: 0xf39Fd6e51aad88F6F4ce6aB8827279cffFb92266
user1: 0x70997970C51812dc3A010C7d01b50e0d17dc79C8
user2: 0x3C44CdDdB6a900fa2b585dd299e03d12FA4293BC
user3: 0x90F79bf6EB2c4f870365E785982E1f101E93b906
oracle: 0x15d34AAf54267DB7D7c367839AAf71A00a2C6A65
attacker: 0x9965507D1a55bcC2695C58ba16FB37d819B0A4dc
mockVTHO address: 0x0dA5CAdDAac598d22055F6c94C2d0e3E62C76dec
mockB3TR address: 0x35128AC8cEFbC7D108dF719cdc7AAabbE151d875
mockGLO address: 0x26f708EBE6800914325aA6FF233AC5b263eeD75C
OBOL address: 0x3770f6742750Aa4584c56464cFC9390b4a696e40
DeathVerifier address: 0x23C5e9D53CBAf6703839A503f0429C5D01796858
Sarcophagus address: 0xDB300ECCC442bE6e8027aE7f9E04ABcCFfd2Cc89
      Γ£ö Should prevent resource exhaustion through repeated failures
    ≡ƒöÆ State Consistency Protection
owner: 0xf39Fd6e51aad88F6F4ce6aB8827279cffFb92266
user1: 0x70997970C51812dc3A010C7d01b50e0d17dc79C8
user2: 0x3C44CdDdB6a900fa2b585dd299e03d12FA4293BC
user3: 0x90F79bf6EB2c4f870365E785982E1f101E93b906
oracle: 0x15d34AAf54267DB7D7c367839AAf71A00a2C6A65
attacker: 0x9965507D1a55bcC2695C58ba16FB37d819B0A4dc
mockVTHO address: 0x75c7682e6B360D9Be01B2588061125ab911F00C2
mockB3TR address: 0x8b508d33E5d52a877000C7DE4ab33977AB8515F0
mockGLO address: 0x885AD11BD8009eb9Ba75ae5C682618e68D125A07
OBOL address: 0x8F80400c97D23F53227042bB30b42b625A4bA685
DeathVerifier address: 0x9E325dF66B29277a100848b1c9cfc51c993C5617
Sarcophagus address: 0xfD5c3E170916B010eCA32A9534b92a3fA9A4C8C6
      Γ£ö Should maintain consistent state after failed transactions
owner: 0xf39Fd6e51aad88F6F4ce6aB8827279cffFb92266
user1: 0x70997970C51812dc3A010C7d01b50e0d17dc79C8
user2: 0x3C44CdDdB6a900fa2b585dd299e03d12FA4293BC
user3: 0x90F79bf6EB2c4f870365E785982E1f101E93b906
oracle: 0x15d34AAf54267DB7D7c367839AAf71A00a2C6A65
attacker: 0x9965507D1a55bcC2695C58ba16FB37d819B0A4dc
mockVTHO address: 0xA480452d095751Abb1D6e51Bd228A226d52e688a
mockB3TR address: 0xca42323f20E7FcEc3aE61AF72B97D4B8DFecda9f
mockGLO address: 0xD149aBF4Acd64Ec48f5d49a58F4C14416e1B227D
OBOL address: 0xeA778A25b818EE9346E250Eb3f81b1439E23d711
DeathVerifier address: 0xdC14b6DB8F77ea6C4B3Cc7399fE82Db013f6F012
Sarcophagus address: 0x02990E399E2c3EB3EE526722046C031fbc5Cf0b6
      Γ£ö Should maintain consistent state across multiple operations
    ≡ƒº¬ Advanced Security & Fuzzing
owner: 0xf39Fd6e51aad88F6F4ce6aB8827279cffFb92266
user1: 0x70997970C51812dc3A010C7d01b50e0d17dc79C8
user2: 0x3C44CdDdB6a900fa2b585dd299e03d12FA4293BC
user3: 0x90F79bf6EB2c4f870365E785982E1f101E93b906
oracle: 0x15d34AAf54267DB7D7c367839AAf71A00a2C6A65
attacker: 0x9965507D1a55bcC2695C58ba16FB37d819B0A4dc
mockVTHO address: 0xE72B348bCA4DAAD3d8886342557d581B50Bf3971
mockB3TR address: 0x21A21fa613917600e9dDE4441920562bB6238DaE
mockGLO address: 0x3eEAEf0dddbda233651dc839591b992795Ba7168
OBOL address: 0x346422cF9c620668089453838EDD1a30F9b1A273
DeathVerifier address: 0x026A3CA6397910FD2BD338a79D4105c732A3426C
Sarcophagus address: 0xe6aFbd041bA789DCE149146392dB7159A25feCb8
      51) Invariant: total inheritance never exceeds deposited amount
owner: 0xf39Fd6e51aad88F6F4ce6aB8827279cffFb92266
user1: 0x70997970C51812dc3A010C7d01b50e0d17dc79C8
user2: 0x3C44CdDdB6a900fa2b585dd299e03d12FA4293BC
user3: 0x90F79bf6EB2c4f870365E785982E1f101E93b906
oracle: 0x15d34AAf54267DB7D7c367839AAf71A00a2C6A65
attacker: 0x9965507D1a55bcC2695C58ba16FB37d819B0A4dc
mockVTHO address: 0x6548D6923F9eF98b2f688258cc51cA4F9e147F32
mockB3TR address: 0x767a702A317ecd9dd373048Dd1A6A3eEa8721169
mockGLO address: 0xBe1Ec0869fC803fd0F730187ef4e4788C44d9B4a
OBOL address: 0xb0De6e861A20Eaf193c6b0a7113341af384E4C02
DeathVerifier address: 0xd07806122907206A5aB99a1e6B6a3D7c7AC10adc
Sarcophagus address: 0xd3414a8d4978E6fE918636Bc15660c1e6a03470b
      52) Should resist Sybil attacks (many accounts farming rewards)
owner: 0xf39Fd6e51aad88F6F4ce6aB8827279cffFb92266
user1: 0x70997970C51812dc3A010C7d01b50e0d17dc79C8
user2: 0x3C44CdDdB6a900fa2b585dd299e03d12FA4293BC
user3: 0x90F79bf6EB2c4f870365E785982E1f101E93b906
oracle: 0x15d34AAf54267DB7D7c367839AAf71A00a2C6A65
attacker: 0x9965507D1a55bcC2695C58ba16FB37d819B0A4dc
mockVTHO address: 0x52E8a6De3d24A0D57BEBAbbecB54151a232C9e41
mockB3TR address: 0x2d493cde51adc74D4494b3dC146759cF32957A23
mockGLO address: 0x66713e76897CdC363dF358C853df5eE5831c3E5a
OBOL address: 0xA157711624f837865F0a3b503dD6864E7eD36759
DeathVerifier address: 0x6384D5F8999EaAC8bcCfae137D4e535075b47494
Sarcophagus address: 0xc66DEdC010e09BAE8fa355b60f08a0fC8089DF2c
      53) Should prevent malicious oracle from verifying false deaths
owner: 0xf39Fd6e51aad88F6F4ce6aB8827279cffFb92266
user1: 0x70997970C51812dc3A010C7d01b50e0d17dc79C8
user2: 0x3C44CdDdB6a900fa2b585dd299e03d12FA4293BC
user3: 0x90F79bf6EB2c4f870365E785982E1f101E93b906
oracle: 0x15d34AAf54267DB7D7c367839AAf71A00a2C6A65
attacker: 0x9965507D1a55bcC2695C58ba16FB37d819B0A4dc
mockVTHO address: 0x4140710CA0532eCe8c7476FFf3edb62DB2853D33
mockB3TR address: 0x5b2Fa8B9595517672D8Ec04Ac178189D78Cf64A5
mockGLO address: 0x8169cC845E1dF4F0381096b1668b1Aa4a0C924b4
OBOL address: 0x3235570150Ce492bC2b41a899D602f944EFa178d
DeathVerifier address: 0x46F40df41128A641C143382Cc861ef60CacEADab
Sarcophagus address: 0x23d089E15312FCFaa95eC110C83BB3397121084e
      54) Should handle oracle downtime (no verifications for a period)
owner: 0xf39Fd6e51aad88F6F4ce6aB8827279cffFb92266
user1: 0x70997970C51812dc3A010C7d01b50e0d17dc79C8
user2: 0x3C44CdDdB6a900fa2b585dd299e03d12FA4293BC
user3: 0x90F79bf6EB2c4f870365E785982E1f101E93b906
oracle: 0x15d34AAf54267DB7D7c367839AAf71A00a2C6A65
attacker: 0x9965507D1a55bcC2695C58ba16FB37d819B0A4dc
mockVTHO address: 0x917b242588F3b78E682d9E6F1e32977Ac7E7B904
mockB3TR address: 0xab6Bd5917C42D28FE235A1b73602Da83eD2bbc9A
mockGLO address: 0xD36946666c25eC7f819D9CAEBDAEeF2156B43b98
OBOL address: 0x606F8d5e36AF652DAdBc011bac916f6cb57e17eB
DeathVerifier address: 0x4ce5ff1930918DEbBEaC903BC214ebC2c54AF06e
Sarcophagus address: 0x755e617a9084612A9e929285D1Ade8b5798ba4d6
      55) Should handle simultaneous inheritance claims (race condition)
owner: 0xf39Fd6e51aad88F6F4ce6aB8827279cffFb92266
user1: 0x70997970C51812dc3A010C7d01b50e0d17dc79C8
user2: 0x3C44CdDdB6a900fa2b585dd299e03d12FA4293BC
user3: 0x90F79bf6EB2c4f870365E785982E1f101E93b906
oracle: 0x15d34AAf54267DB7D7c367839AAf71A00a2C6A65
attacker: 0x9965507D1a55bcC2695C58ba16FB37d819B0A4dc
mockVTHO address: 0x61cBeA3977645E467AF14C260a55c7974bD6aa0C
mockB3TR address: 0x95CC01A89cEC2968C7EB41F6b0dc8ce02e8C809A
mockGLO address: 0xaB9063b039DCf9bF87cD32D24993c61E2c3b2FE9
OBOL address: 0x8eE81C63eBe03E4e9Ed4267CE4e30bB36e11B629
DeathVerifier address: 0x04721b92a130a28332a00F25a64a4B12B559bD08
Sarcophagus address: 0xD8Cf9c21DDD6783e206d4C388E8c23eED73825C0
      Γ£ö Should handle simultaneous deposits (race condition)
owner: 0xf39Fd6e51aad88F6F4ce6aB8827279cffFb92266
user1: 0x70997970C51812dc3A010C7d01b50e0d17dc79C8
user2: 0x3C44CdDdB6a900fa2b585dd299e03d12FA4293BC
user3: 0x90F79bf6EB2c4f870365E785982E1f101E93b906
oracle: 0x15d34AAf54267DB7D7c367839AAf71A00a2C6A65
attacker: 0x9965507D1a55bcC2695C58ba16FB37d819B0A4dc
mockVTHO address: 0x77399Eefc2D56bc0d730C3407de347E8DCdF18BB
mockB3TR address: 0x5010bBa2B46a9252462C78A88845069e42D340Db
mockGLO address: 0xB58c560ddA1ea8ca4a702802854083239aF880D8
OBOL address: 0xFADfB804F76A4FBcB44ACf72519A403A9ff02618
DeathVerifier address: 0x67F97fc5E45889d3BFf7dcBA114Ca210f1896b0d
Sarcophagus address: 0x3630285008496F1A65652C07ED47adbab915965C
      Γ£ö Should not emit excessive events (log bloat)
owner: 0xf39Fd6e51aad88F6F4ce6aB8827279cffFb92266
user1: 0x70997970C51812dc3A010C7d01b50e0d17dc79C8
user2: 0x3C44CdDdB6a900fa2b585dd299e03d12FA4293BC
user3: 0x90F79bf6EB2c4f870365E785982E1f101E93b906
oracle: 0x15d34AAf54267DB7D7c367839AAf71A00a2C6A65
attacker: 0x9965507D1a55bcC2695C58ba16FB37d819B0A4dc
mockVTHO address: 0x0474511540f5dE71f4e14027A765f35cF07949d8
mockB3TR address: 0x9eB0b1AceF1e150632103DE055015D0985109c57
mockGLO address: 0xdae6FFdAdA251621Cf56BFf006224e20206A6A6e
OBOL address: 0xD9a4f2B3eAD3B27721563eFFe831085e97729137
DeathVerifier address: 0xCd95fbe9A5f1758901E2f540185aA25c3Ca93612
Sarcophagus address: 0x5Fc4eB97aC2516589dac5A91e956Bc5482626341
      56) Should handle block.timestamp and block.number edge cases


  152 passing (59s)
  2 pending
  56 failing

  1) GLO Integration and Token Conversion
       GLO Integration
         Should allow users to add GLO tokens to vault:
     TypeError: sarcophagus.getSarcophagus is not a function
      at Context.<anonymous> (test\glo-conversion-test.js:106:49)

  2) GLO Integration and Token Conversion
       GLO Integration
         Should include GLO in inheritance distribution:
     Error: VM Exception while processing transaction: reverted with custom error 'DeathNotVerified()'
    at Sarcophagus.claimInheritance (contracts/Sarcophagus.sol:1106)
    at EdrProviderWrapper.request (node_modules\hardhat\src\internal\hardhat-network\provider\provider.ts:359:41)
    at HardhatEthersSigner.sendTransaction (node_modules\@nomicfoundation\hardhat-ethers\src\signers.ts:181:18)
    at send (node_modules\ethers\src.ts\contract\contract.ts:313:20)
    at Proxy.claimInheritance (node_modules\ethers\src.ts\contract\contract.ts:352:16)
    at Context.<anonymous> (test\glo-conversion-test.js:139:7)
  

  3) GLO Integration and Token Conversion
       GLO Integration
         Should track GLO in total vault value:
     Error: no matching fragment (operation="fragment", info={ "args": [ 50000000000000000000, 10000000000000000000 ], "key": "depositTokens" }, code=UNSUPPORTED_OPERATION, version=6.15.0)
      at makeError (node_modules\ethers\src.ts\utils\errors.ts:698:21)
      at assert (node_modules\ethers\src.ts\utils\errors.ts:719:25)
      at getFragment (node_modules\ethers\src.ts\contract\contract.ts:270:15)
      at Proxy.depositTokens (node_modules\ethers\src.ts\contract\contract.ts:350:26)
      at Context.<anonymous> (test\glo-conversion-test.js:171:40)

  4) GLO Integration and Token Conversion
       Token Conversion
         "before each" hook for "Should convert VET to VTHO using price oracle":
     Error: no matching fragment (operation="fragment", info={ "args": [ 50000000000000000000, 10000000000000000000 ], "key": "depositTokens" }, code=UNSUPPORTED_OPERATION, version=6.15.0)
      at makeError (node_modules\ethers\src.ts\utils\errors.ts:698:21)
      at assert (node_modules\ethers\src.ts\utils\errors.ts:719:25)
      at getFragment (node_modules\ethers\src.ts\contract\contract.ts:270:15)
      at Proxy.depositTokens (node_modules\ethers\src.ts\contract\contract.ts:350:26)
      at Context.<anonymous> (test\glo-conversion-test.js:205:40)

  5) GLO Integration and Token Conversion
       Price Oracle Integration
         Should get token prices correctly:
     Error: VM Exception while processing transaction: reverted with custom error 'InvalidAddress()'
    at Sarcophagus._validateBeneficiary (contracts/Sarcophagus.sol:313)
    at EdrProviderWrapper.request (node_modules\hardhat\src\internal\hardhat-network\provider\provider.ts:359:41)
    at staticCallResult (node_modules\ethers\src.ts\contract\contract.ts:337:22)
    at staticCall (node_modules\ethers\src.ts\contract\contract.ts:303:24)
    at Proxy.getTokenPrice (node_modules\ethers\src.ts\contract\contract.ts:351:41)
    at Context.<anonymous> (test\glo-conversion-test.js:311:24)
  

  6) GLO Integration and Token Conversion
       Price Oracle Integration
         Should check conversion support correctly:

      AssertionError: expected false to be true
      + expected - actual

      -false
      +true
      
      at Context.<anonymous> (test\glo-conversion-test.js:329:30)

  7) GLO Integration and Token Conversion
       Price Oracle Integration
         Should get conversion rates correctly:
     Error: VM Exception while processing transaction: reverted with custom error 'InvalidAddress()'
    at Sarcophagus._validateBeneficiary (contracts/Sarcophagus.sol:313)
    at EdrProviderWrapper.request (node_modules\hardhat\src\internal\hardhat-network\provider\provider.ts:359:41)
    at staticCallResult (node_modules\ethers\src.ts\contract\contract.ts:337:22)
    at staticCall (node_modules\ethers\src.ts\contract\contract.ts:303:24)
    at Proxy.getConversionRate (node_modules\ethers\src.ts\contract\contract.ts:351:41)
    at Context.<anonymous> (test\glo-conversion-test.js:337:25)
  

  8) Hybrid OBOL Earning System
       Initial Setup
         Should have correct tokenomics:
     TypeError: unsupported addressable value (argument="target", value=null, code=INVALID_ARGUMENT, version=6.15.0)
      at makeError (node_modules\ethers\src.ts\utils\errors.ts:691:21)
      at assert (node_modules\ethers\src.ts\utils\errors.ts:719:25)
      at assertArgument (node_modules\ethers\src.ts\utils\errors.ts:731:5)
      at resolveAddress (node_modules\ethers\src.ts\address\checks.ts:122:19)
      at C:\Users\NickC_4denkwr\Desktop\Vereavement\vereavement-contracts\node_modules\ethers\src.ts\contract\contract.ts:172:60
      at ParamType.#walkAsync (node_modules\ethers\src.ts\abi\fragments.ts:779:24)
      at ParamType.walkAsync (node_modules\ethers\src.ts\abi\fragments.ts:797:24)
      at C:\Users\NickC_4denkwr\Desktop\Vereavement\vereavement-contracts\node_modules\ethers\src.ts\contract\contract.ts:170:22
      at Array.map (<anonymous>)
      at resolveArgs (node_modules\ethers\src.ts\contract\contract.ts:169:37)

  9) MultiSigWallet
       Signer Management
         Should remove signer:

      AssertionError: expected 3 to equal 2.
      + expected - actual

      -3
      +2
      
      at Context.<anonymous> (test\MultiSigWallet.test.js:147:59)

  10) NFT Integration Tests
       "before each" hook for "Should lock NFT with beneficiary assignment":
     Error: incorrect number of arguments to constructor
      at ContractFactory.getDeployTransaction (node_modules\ethers\src.ts\contract\factory.ts:87:19)
      at ContractFactory.deploy (node_modules\ethers\src.ts\contract\factory.ts:105:31)
      at Context.<anonymous> (test\nft-integration-test.js:36:27)

  11) OBOL Token Integration
       should perform OBOL integration flow:
     AssertionError: expected 0n to be a number
      at Context.<anonymous> (test\obol-integration-test.js:61:35)

  12) ≡ƒöÆ Security Audit - Hybrid OBOL System
       ≡ƒÜ¿ Access Control Vulnerabilities
         Should prevent unauthorized death verification:
     Error: no matching fragment (operation="fragment", info={ "args": [ "0x70997970C51812dc3A010C7d01b50e0d17dc79C8", 1752677335, 80, 85, "ipfs://fake-death-certificate" ], "key": "verifyDeath" }, code=UNSUPPORTED_OPERATION, version=6.15.0)
      at makeError (node_modules\ethers\src.ts\utils\errors.ts:698:21)
      at assert (node_modules\ethers\src.ts\utils\errors.ts:719:25)
      at getFragment (node_modules\ethers\src.ts\contract\contract.ts:270:15)
      at Proxy.verifyDeath (node_modules\ethers\src.ts\contract\contract.ts:350:26)
      at Context.<anonymous> (test\security-audit.test.js:128:39)

  13) ≡ƒöÆ Security Audit - Hybrid OBOL System
       ≡ƒÆ░ Economic Attacks
         Should prevent time manipulation attacks:

      AssertionError: expected 0 to be above 0.
      + expected - actual


      at Context.<anonymous> (test\security-audit.test.js:171:39)

  14) ≡ƒöÆ Security Audit - Hybrid OBOL System
       ≡ƒöä Reentrancy Attacks
         Should prevent reentrancy in reward claiming:
     AssertionError: Expected transaction NOT to be reverted
      at Context.<anonymous> (test\security-audit.test.js:189:7)

  15) ≡ƒöÆ Security Audit - Hybrid OBOL System
       ≡ƒôè Precision and Overflow Attacks
         Should handle decimal precision correctly:
     HardhatError: HH17: The input value cannot be normalized to a BigInt: Unsupported type undefined
      at normalizeToBigInt (C:\Users\NickC_4denkwr\Desktop\Vereavement\vereavement-contracts\node_modules\hardhat\src\common\bigInt.ts:47:13)
      at Proxy.<anonymous> (C:\Users\NickC_4denkwr\Desktop\Vereavement\vereavement-contracts\node_modules\@nomicfoundation\hardhat-chai-matchers\src\internal\bigNumber.ts:171:41)
      at Proxy.overwritingMethodWrapper (C:\Users\NickC_4denkwr\Desktop\Vereavement\vereavement-contracts\node_modules\chai\lib\chai\utils\overwriteMethod.js:78:33)
      at doAsserterAsyncAndAddThen (C:\Users\NickC_4denkwr\Desktop\Vereavement\vereavement-contracts\node_modules\chai-as-promised\lib\chai-as-promised.js:289:22)
      at Proxy.<anonymous> (C:\Users\NickC_4denkwr\Desktop\Vereavement\vereavement-contracts\node_modules\chai-as-promised\lib\chai-as-promised.js:255:20)
      at Proxy.overwritingMethodWrapper (C:\Users\NickC_4denkwr\Desktop\Vereavement\vereavement-contracts\node_modules\chai\lib\chai\utils\overwriteMethod.js:78:33)
      at Context.<anonymous> (C:\Users\NickC_4denkwr\Desktop\Vereavement\vereavement-contracts\test\security-audit.test.js:237:31)

  16) ≡ƒöÆ Security Audit - Hybrid OBOL System
       ≡ƒôè Precision and Overflow Attacks
         Should prevent integer overflow in reward calculations:
     HardhatError: HH17: The input value cannot be normalized to a BigInt: Unsupported type undefined
      at normalizeToBigInt (C:\Users\NickC_4denkwr\Desktop\Vereavement\vereavement-contracts\node_modules\hardhat\src\common\bigInt.ts:47:13)
      at Proxy.<anonymous> (C:\Users\NickC_4denkwr\Desktop\Vereavement\vereavement-contracts\node_modules\@nomicfoundation\hardhat-chai-matchers\src\internal\bigNumber.ts:171:41)
      at Proxy.overwritingMethodWrapper (C:\Users\NickC_4denkwr\Desktop\Vereavement\vereavement-contracts\node_modules\chai\lib\chai\utils\overwriteMethod.js:78:33)
      at doAsserterAsyncAndAddThen (C:\Users\NickC_4denkwr\Desktop\Vereavement\vereavement-contracts\node_modules\chai-as-promised\lib\chai-as-promised.js:289:22)
      at Proxy.<anonymous> (C:\Users\NickC_4denkwr\Desktop\Vereavement\vereavement-contracts\node_modules\chai-as-promised\lib\chai-as-promised.js:255:20)
      at Proxy.overwritingMethodWrapper (C:\Users\NickC_4denkwr\Desktop\Vereavement\vereavement-contracts\node_modules\chai\lib\chai\utils\overwriteMethod.js:78:33)
      at Context.<anonymous> (C:\Users\NickC_4denkwr\Desktop\Vereavement\vereavement-contracts\test\security-audit.test.js:257:31)

  17) ≡ƒöÆ Security Audit - Hybrid OBOL System
       ≡ƒôè Precision and Overflow Attacks
         Should handle extreme reward calculations without overflow:
     HardhatError: HH17: The input value cannot be normalized to a BigInt: Unsupported type undefined
      at normalizeToBigInt (C:\Users\NickC_4denkwr\Desktop\Vereavement\vereavement-contracts\node_modules\hardhat\src\common\bigInt.ts:47:13)
      at Proxy.<anonymous> (C:\Users\NickC_4denkwr\Desktop\Vereavement\vereavement-contracts\node_modules\@nomicfoundation\hardhat-chai-matchers\src\internal\bigNumber.ts:171:41)
      at Proxy.overwritingMethodWrapper (C:\Users\NickC_4denkwr\Desktop\Vereavement\vereavement-contracts\node_modules\chai\lib\chai\utils\overwriteMethod.js:78:33)
      at doAsserterAsyncAndAddThen (C:\Users\NickC_4denkwr\Desktop\Vereavement\vereavement-contracts\node_modules\chai-as-promised\lib\chai-as-promised.js:289:22)
      at Proxy.<anonymous> (C:\Users\NickC_4denkwr\Desktop\Vereavement\vereavement-contracts\node_modules\chai-as-promised\lib\chai-as-promised.js:255:20)
      at Proxy.overwritingMethodWrapper (C:\Users\NickC_4denkwr\Desktop\Vereavement\vereavement-contracts\node_modules\chai\lib\chai\utils\overwriteMethod.js:78:33)
      at Context.<anonymous> (C:\Users\NickC_4denkwr\Desktop\Vereavement\vereavement-contracts\test\security-audit.test.js:273:31)

  18) ≡ƒöÆ Security Audit - Hybrid OBOL System
       ≡ƒôè Precision and Overflow Attacks
         Should handle decimal precision in small amounts:
     HardhatError: HH17: The input value cannot be normalized to a BigInt: Unsupported type undefined
      at normalizeToBigInt (C:\Users\NickC_4denkwr\Desktop\Vereavement\vereavement-contracts\node_modules\hardhat\src\common\bigInt.ts:47:13)
      at Proxy.<anonymous> (C:\Users\NickC_4denkwr\Desktop\Vereavement\vereavement-contracts\node_modules\@nomicfoundation\hardhat-chai-matchers\src\internal\bigNumber.ts:171:41)
      at Proxy.overwritingMethodWrapper (C:\Users\NickC_4denkwr\Desktop\Vereavement\vereavement-contracts\node_modules\chai\lib\chai\utils\overwriteMethod.js:78:33)
      at doAsserterAsyncAndAddThen (C:\Users\NickC_4denkwr\Desktop\Vereavement\vereavement-contracts\node_modules\chai-as-promised\lib\chai-as-promised.js:289:22)
      at Proxy.<anonymous> (C:\Users\NickC_4denkwr\Desktop\Vereavement\vereavement-contracts\node_modules\chai-as-promised\lib\chai-as-promised.js:255:20)
      at Proxy.overwritingMethodWrapper (C:\Users\NickC_4denkwr\Desktop\Vereavement\vereavement-contracts\node_modules\chai\lib\chai\utils\overwriteMethod.js:78:33)
      at Context.<anonymous> (C:\Users\NickC_4denkwr\Desktop\Vereavement\vereavement-contracts\test\security-audit.test.js:289:33)

  19) ≡ƒöÆ Security Audit - Hybrid OBOL System
       ≡ƒôè Precision and Overflow Attacks
         Should prevent integer overflow in beneficiary calculations:
     Error: no matching fragment (operation="fragment", info={ "args": [ [ "0xafe9866367e183e6362F305A3D67D909DCc7413A", "0xf44e718C6271DF9c67dbf8939ebe1E5fec635e3b", "0x4ea562ABa7c78Db56e6892a6770B085459BC524A", "0x91E8e28a416D9c589C3C0aA5e86650B39CD40c54", "0xC567Ad247AA8d927C8f769c223C54D0845b828c3" ], [ 2000, 2000, 2000, 2000, 2000 ] ], "key": "createSarcophagus" }, code=UNSUPPORTED_OPERATION, version=6.15.0)
      at makeError (node_modules\ethers\src.ts\utils\errors.ts:698:21)
      at assert (node_modules\ethers\src.ts\utils\errors.ts:719:25)
      at getFragment (node_modules\ethers\src.ts\contract\contract.ts:270:15)
      at Proxy.createSarcophagus (node_modules\ethers\src.ts\contract\contract.ts:350:26)
      at Context.<anonymous> (test\security-audit.test.js:307:36)

  20) ≡ƒöÆ Security Audit - Hybrid OBOL System
       ≡ƒÄ» Logic Vulnerabilities
         Should prevent double inheritance claims:
     Error: no matching fragment (operation="fragment", info={ "args": [ "0x70997970C51812dc3A010C7d01b50e0d17dc79C8", 1752677338, 80, 85, "ipfs://death-certificate" ], "key": "verifyDeath" }, code=UNSUPPORTED_OPERATION, version=6.15.0)
      at makeError (node_modules\ethers\src.ts\utils\errors.ts:698:21)
      at assert (node_modules\ethers\src.ts\utils\errors.ts:719:25)
      at getFragment (node_modules\ethers\src.ts\contract\contract.ts:270:15)
      at Proxy.verifyDeath (node_modules\ethers\src.ts\contract\contract.ts:350:26)
      at Context.<anonymous> (test\security-audit.test.js:323:41)

  21) ≡ƒöÆ Security Audit - Hybrid OBOL System
       ≡ƒÄ» Logic Vulnerabilities
         Should prevent non-beneficiary claims:
     Error: VM Exception while processing transaction: reverted with custom error 'AccessControlUnauthorizedAccount("0x15d34AAf54267DB7D7c367839AAf71A00a2C6A65", "0x0ce23c3e399818cfee81a7ab0880f714e53d7672b08df0fa62f2843416e1ea09")'
    at Sarcophagus._checkRole (@openzeppelin/contracts/access/AccessControl.sol:96)
    at EdrProviderWrapper.request (node_modules\hardhat\src\internal\hardhat-network\provider\provider.ts:359:41)
    at HardhatEthersSigner.sendTransaction (node_modules\@nomicfoundation\hardhat-ethers\src\signers.ts:181:18)
    at send (node_modules\ethers\src.ts\contract\contract.ts:313:20)
    at Proxy.verifyDeath (node_modules\ethers\src.ts\contract\contract.ts:352:16)
    at Context.<anonymous> (test\security-audit.test.js:365:7)
  

  22) ≡ƒöÆ Security Audit - Hybrid OBOL System
       ≡ƒöÉ Pause Functionality
         Should allow admin to pause contracts:
     Error: VM Exception while processing transaction: reverted with custom error 'ExpectedPause()'
    at OBOL._requirePaused (@openzeppelin/contracts/utils/Pausable.sol:85)
    at EdrProviderWrapper.request (node_modules\hardhat\src\internal\hardhat-network\provider\provider.ts:359:41)
    at HardhatEthersSigner.sendTransaction (node_modules\@nomicfoundation\hardhat-ethers\src\signers.ts:181:18)
    at send (node_modules\ethers\src.ts\contract\contract.ts:313:20)
    at Proxy.unpause (node_modules\ethers\src.ts\contract\contract.ts:352:16)
    at Context.<anonymous> (test\security-audit.test.js:377:7)
  

  23) ≡ƒöÆ Security Audit - Hybrid OBOL System
       ≡ƒöÉ Pause Functionality
         Should prevent operations when paused:
     AssertionError: Expected transaction to be reverted with custom error 'EnforcedPause', but it didn't revert
      at Context.<anonymous> (test\security-audit.test.js:393:7)

  24) ≡ƒöÆ Security Audit - Hybrid OBOL System
       ≡ƒöÉ Pause Functionality
         Should prevent non-admin from pausing:
     TypeError: sarcophagus.connect(...).pause is not a function
      at Context.<anonymous> (test\security-audit.test.js:404:39)

  25) ≡ƒöÆ Security Audit - Hybrid OBOL System
       ≡ƒòÉ Time-based Vulnerabilities
         Should handle timestamp manipulation:
     Error: VM Exception while processing transaction: reverted with custom error 'NoRewardsToClaim()'
    at OBOL.claimContinuousRewards (contracts/OBOL.sol:159)
    at Sarcophagus.claimObolRewards (contracts/Sarcophagus.sol:551)
    at EdrProviderWrapper.request (node_modules\hardhat\src\internal\hardhat-network\provider\provider.ts:359:41)
    at HardhatEthersSigner.sendTransaction (node_modules\@nomicfoundation\hardhat-ethers\src\signers.ts:181:18)
    at send (node_modules\ethers\src.ts\contract\contract.ts:313:20)
    at Proxy.claimObolRewards (node_modules\ethers\src.ts\contract\contract.ts:352:16)
    at Context.<anonymous> (test\security-audit.test.js:438:7)
  

  26) ≡ƒöÆ Security Audit - Hybrid OBOL System
       ≡ƒÄ¡ Front-running Protection
         Should prevent front-running in reward claiming:
     Error: VM Exception while processing transaction: reverted with custom error 'NoRewardsToClaim()'
    at OBOL.claimContinuousRewards (contracts/OBOL.sol:159)
    at Sarcophagus.claimObolRewards (contracts/Sarcophagus.sol:551)
    at EdrProviderWrapper.request (node_modules\hardhat\src\internal\hardhat-network\provider\provider.ts:359:41)
    at HardhatEthersSigner.sendTransaction (node_modules\@nomicfoundation\hardhat-ethers\src\signers.ts:181:18)
    at send (node_modules\ethers\src.ts\contract\contract.ts:313:20)
    at Proxy.claimObolRewards (node_modules\ethers\src.ts\contract\contract.ts:352:16)
    at Context.<anonymous> (test\security-audit.test.js:475:7)
  

  27) ≡ƒöÆ Security Audit - Hybrid OBOL System
       ≡ƒöì Input Validation
         Should prevent DoS attacks with many beneficiaries:
     Error: no matching fragment (operation="fragment", info={ "args": [ [ "0x3d7b900fa3E3Cffa6F225D9f7245A245D37916FC", "0x5C9F86D72251d416104c917047b4b26DEc875a18", "0xDe9db7946b9f03dA13862Daa55f09C3AEA72e194", "0x2e83c673781086fC7B281A0381cfe47167A5A11c", "0xb6803E2675BAa40DFB9a254eE4808214A3686552", "0x20FAe903C1a2cCb168556Df5629Cc0ca5A95DE75", "0x2e9e838d1D73b1bc06AccC3f967011e1cB7b1673", "0x3C4225E9357Ca75c783a04CA67186E92055d000E", "0x4c1F1105c505db9fc68064973eb10e0936263C64", "0x48b6767D8b040A190EaB7cF7d696521dF18021C8", "0x1d43627CE3C4e362D74AC7eB83c25ed28086E1fe", "0xB81575E4aC8Ed7DBe7a6357374F36Fc9d157CD16", "0x2aC3A72c6cc13b2E29C6C1105Ef0985Cbf1AB675", "0x28753BA473b027d550F486EE1a09ed16dFf504c3", "0xff216c1d70E269068A04BA629e5aDc647C2e712B", "0x823D9dd4D076b6174a86a2E180eC0b00b9B342ff", "0x71f572Ba7432383ee064a1eB93ED1f83aC174c0f", "0xc7644BCEa84c9415FBa2BeB7C6a5e351a8a282cE", "0x994F61Af7DF5D16D06104C9b9106C416d803C4F7", "0xD781dE61df02ac08ba0feB566ef577300c084510", "0x2EB8174AB4475c0E0F0ef589Af1532ACa10EA33d", "0x3cBb5f58b6CE6E5ca5220de5793710E05Ec12A61", "0xB4649313647992b5931e7d9775f562FA87F23AB6", "0x51A6d3BF584C4D720E51D826157124d6D4Dc7d5B", "0xd2E45f7b5c72F07DA2645dbE0a6DCca95d3ECfC7", "0xC6F43A9484F0641eEf4d44814ca99E4d0dAa4cC9", "0xb175Cd4F32845e2f588D4AFAF11f7f51eb894480", "0x9e4723Ef3c311737cD929b946e0ada4B1F827bF7", "0xa8eF3A2602a3b124A7ea8500A7831E5Dc31bFB6B", "0x268371E8B67E77C3C29020C70dAF5Ba73d39f015", "0x00e8ffcc6aD109Fa73df2697055cFC62F31a1064", "0x8296Fe63cEE305887d961B2A3a4bdC1e4417AE34", "0x876Cdc74442885FA03e4c426905835E4f2536AEe", "0x55f1CAF7E2dCBab9FE1163876D5b60c5Cf3D58b5", "0x7A2976dFb900517173A0542DE719C087C9458592", "0xeeAce225833A47F7770c4a32Fbc4a96399BfeF24", "0x768e1d1cEb787143aB3a3Ed427D05ae0Fd0F5173", "0xADdEAE0Cd74B772A7C41915e4554aAE292900f5F", "0xD0c18C56538BA0100c314Ef6f2a476CCa73CbE7B", "0x1735a338D4901A281617Bf337b06b6f5c27C6C8D", "0x116FF4A9CF0D3b3a3df07023531f44b57F612061", "0x36807f970d1E612A37e1C39e6eF59a718193CAB3", "0xC4DAEa825994415C415A274329285fB7AE32bC64", "0x80B1bC25241d59d857562788Fb055eca2c1d5334", "0xaBC263Dab4D101CD890CaA67673C8ed77B79583b", "0x561F471B7ea2C3dcE411C6afd3b37EBeda5cA94a", "0xe0E2A34527532e55e2f35BA81F66adbB6aB35dd2", "0x5e5687A23e93A05eA0bf8A048f088ddC275f650e", "0x02BC2541E2Ab1E361EC89DD61207159B3ac94e54", "0x3A9F17D7dC4BE6501A34709e4FEAE65Ea6b9c73F", "0x85D4d8007648402B5Acbf47A8734E732E2f15b32", "0x79819f66dBB87eb157F16Cd7888A1Fd6F4DC40EA", "0x85E5C92C2E10442Dc143C8726B25356271834B40", "0x01cD726345A8a141AdB131005Be4C4980b925bCf", "0x53255427E4799C204255EcdF34C893a9F10029F3", "0xA7e09aA0F3f8CeC1cB868b4AbCDA2439A6837417", "0xcC18cCa6eFB7c5545a04A20EEe1F1a4bc4f05d8e", "0x017D22B7a755B8B8Ee4d6a33dc7ca10B455A5a40", "0x6BB53A7B5a373C9602024382bBE38eb45e2F93C9", "0x0dFd5DBCfb270D3dEbC15F209a53Bb73Ad711B42", "0x34dD2dBDCe84b32e8348134a81fB48dC6449DDE8", "0x3986fD0b1cD28bd6f2c95a270009ee4263C1E49F", "0xC55A416553b407aEA2CD42F1EaDae764F7c4CABf", "0xe8869BeaBD739f6Ee126384f7a258b2bda6383A2", "0x85079c5afdF2A1eD214ADA6b3422C34C3D79b889", "0x15FA7917b8de0a367221A7B3e1c7Ce4433819011", "0x2041d2cB71188182f5DAcB04AF671C2A98306310", "0xf5aA318ae0A7671b0fc06Ac089A0E2b449C59672", "0x5f0dC69b8ffB761EFFb5999e438357d7e796C937", "0x8A24d3532b10e726eDBABbFDE59c449D57306C54", "0x4413540101641d831Cc0f2221FD2c6D749F85275", "0x8C678bc05B12DEDACF50d21aFA5754118e57628A", "0x54193A825027be280D368FF6B7fBE820F84BCC9A", "0x876291f94F99daE2A754b8Ca69Df9970D7442B4B", "0xc064fCA925C8de5E0e5540bbE03C54a8e0D1f5c7", "0xaBdD434ED2465C170445EDf17F1FF115395d230D", "0xB1AdAB749740028091CC687fCA0294Bd1CAEb13E", "0xf70E381806A6e6Af6e88d4a79B3caCaFB48B59B4", "0x13bD0557043AFF4755f0a2cD068e80f259FB0421", "0x949d7388ef2cf895538e26692AB1B231e6fD3844", "0x721a0e0df0EE5dCC02661B0c1c64D5deD9Ed19BC", "0x9df697afBD9AadA54971E226057894793F0D063f", "0x3BCF8eb69bA5B06A650Ade4DF83a780ccD040Be9", "0xB02760b5c4558C28027D0E4D4483B4173547Ef48", "0x572a6321071bF9f9c4F8c0828913FD426F4F1122", "0xF72621b6b80B60B772dc901456e7BAef34111b14", "0xA0e7F318495135d2ad617674B48C1cb560b136e3", "0x01d243B82a2B6865692Ca81B7408C6216CD32604", "0xd8211B748DEd8Cd02455369CaF87cD49cc681DE2", "0x669cE3557257e5CB72388f142AF8AfE0371fF541", "0x8186de86624aae09E8e2cA553fC1cF7bBD17C29B", "0x8F0cc94A12E84dEA7631b9a480F07B3e97436e70", "0x25f263107469087BD2Cc25BFf215aDd634F12707", "0xAB906bcc60C0D546EE85D6Eb7a20426c4a68b418", "0x25580FB2e310A3b5D7427F43A14ac4079e490d59", "0xfad943b003db6E9DDef38545632aB2D7dcC76Ef2", "0xd9CEF940fDa0dC0Ae0D28F5745D8a4e1BF4181da", "0x8Cd3D94f80ECF609cD41A787488eE928ffFb1fba", "0x3f55F71c3c7372d18f937faC61807d14f264F83B", "0x8521e8636293Bb31bf0e23Fb967c1597D629120a" ], [ 100, 100, 100, 100, 100, 100, 100, 100, 100, 100, 100, 100, 100, 100, 100, 100, 100, 100, 100, 100, 100, 100, 100, 100, 100, 100, 100, 100, 100, 100, 100, 100, 100, 100, 100, 100, 100, 100, 100, 100, 100, 100, 100, 100, 100, 100, 100, 100, 100, 100, 100, 100, 100, 100, 100, 100, 100, 100, 100, 100, 100, 100, 100, 100, 100, 100, 100, 100, 100, 100, 100, 100, 100, 100, 100, 100, 100, 100, 100, 100, 100, 100, 100, 100, 100, 100, 100, 100, 100, 100, 100, 100, 100, 100, 100, 100, 100, 100, 100, 100 ] ], "key": "createSarcophagus" }, code=UNSUPPORTED_OPERATION, version=6.15.0)
      at makeError (node_modules\ethers\src.ts\utils\errors.ts:698:21)
      at assert (node_modules\ethers\src.ts\utils\errors.ts:719:25)
      at getFragment (node_modules\ethers\src.ts\contract\contract.ts:270:15)
      at Proxy.createSarcophagus (node_modules\ethers\src.ts\contract\contract.ts:350:26)
      at Context.<anonymous> (test\security-audit.test.js:526:36)

  28) ≡ƒöÆ Security Audit - Hybrid OBOL System
       ≡ƒöÆ Advanced Reentrancy Protection
         Should prevent reentrancy in inheritance claiming:
     Error: no matching fragment (operation="fragment", info={ "args": [ "0x70997970C51812dc3A010C7d01b50e0d17dc79C8", 1752677346, 80, 85, "ipfs://death-certificate" ], "key": "verifyDeath" }, code=UNSUPPORTED_OPERATION, version=6.15.0)
      at makeError (node_modules\ethers\src.ts\utils\errors.ts:698:21)
      at assert (node_modules\ethers\src.ts\utils\errors.ts:719:25)
      at getFragment (node_modules\ethers\src.ts\contract\contract.ts:270:15)
      at Proxy.verifyDeath (node_modules\ethers\src.ts\contract\contract.ts:350:26)
      at Context.<anonymous> (test\security-audit.test.js:577:41)

  29) ≡ƒöÆ Security Audit - Hybrid OBOL System
       ≡ƒöÆ Advanced Reentrancy Protection
         Should prevent reentrancy in user verification:

      AssertionError: expected 0 to equal 30.
      + expected - actual

      -0
      +30
      
      at Context.<anonymous> (test\security-audit.test.js:599:35)

  30) ≡ƒöÆ Security Audit - Hybrid OBOL System
       ≡ƒöÆ Advanced Reentrancy Protection
         Should prevent reentrancy in sarcophagus creation:
     TypeError: Cannot read properties of undefined (reading '0')
      at Context.<anonymous> (test\security-audit.test.js:610:43)

  31) ≡ƒöÆ Security Audit - Hybrid OBOL System
       ≡ƒÆ░ Advanced Economic Attacks
         Should prevent flash loan attacks on reward calculations:
     Error: VM Exception while processing transaction: reverted with custom error 'NoRewardsToClaim()'
    at OBOL.claimContinuousRewards (contracts/OBOL.sol:159)
    at Sarcophagus.claimObolRewards (contracts/Sarcophagus.sol:551)
    at EdrProviderWrapper.request (node_modules\hardhat\src\internal\hardhat-network\provider\provider.ts:359:41)
    at HardhatEthersSigner.sendTransaction (node_modules\@nomicfoundation\hardhat-ethers\src\signers.ts:181:18)
    at send (node_modules\ethers\src.ts\contract\contract.ts:313:20)
    at Proxy.claimObolRewards (node_modules\ethers\src.ts\contract\contract.ts:352:16)
    at Context.<anonymous> (test\security-audit.test.js:629:7)
  

  32) ≡ƒöÆ Security Audit - Hybrid OBOL System
       ≡ƒÆ░ Advanced Economic Attacks
         Should prevent reward manipulation through multiple deposits:
     HardhatError: HH17: The input value cannot be normalized to a BigInt: Unsupported type undefined
      at normalizeToBigInt (C:\Users\NickC_4denkwr\Desktop\Vereavement\vereavement-contracts\node_modules\hardhat\src\common\bigInt.ts:47:13)
      at Proxy.<anonymous> (C:\Users\NickC_4denkwr\Desktop\Vereavement\vereavement-contracts\node_modules\@nomicfoundation\hardhat-chai-matchers\src\internal\bigNumber.ts:171:41)
      at Proxy.overwritingMethodWrapper (C:\Users\NickC_4denkwr\Desktop\Vereavement\vereavement-contracts\node_modules\chai\lib\chai\utils\overwriteMethod.js:78:33)
      at doAsserterAsyncAndAddThen (C:\Users\NickC_4denkwr\Desktop\Vereavement\vereavement-contracts\node_modules\chai-as-promised\lib\chai-as-promised.js:289:22)
      at Proxy.<anonymous> (C:\Users\NickC_4denkwr\Desktop\Vereavement\vereavement-contracts\node_modules\chai-as-promised\lib\chai-as-promised.js:255:20)
      at Proxy.overwritingMethodWrapper (C:\Users\NickC_4denkwr\Desktop\Vereavement\vereavement-contracts\node_modules\chai\lib\chai\utils\overwriteMethod.js:78:33)
      at Context.<anonymous> (C:\Users\NickC_4denkwr\Desktop\Vereavement\vereavement-contracts\test\security-audit.test.js:652:31)

  33) ≡ƒöÆ Security Audit - Hybrid OBOL System
       ≡ƒÆ░ Advanced Economic Attacks
         Should prevent reward farming through rapid deposit/withdraw cycles:
     HardhatError: HH17: The input value cannot be normalized to a BigInt: Unsupported type undefined
      at normalizeToBigInt (C:\Users\NickC_4denkwr\Desktop\Vereavement\vereavement-contracts\node_modules\hardhat\src\common\bigInt.ts:47:13)
      at Proxy.<anonymous> (C:\Users\NickC_4denkwr\Desktop\Vereavement\vereavement-contracts\node_modules\@nomicfoundation\hardhat-chai-matchers\src\internal\bigNumber.ts:171:41)
      at Proxy.overwritingMethodWrapper (C:\Users\NickC_4denkwr\Desktop\Vereavement\vereavement-contracts\node_modules\chai\lib\chai\utils\overwriteMethod.js:78:33)
      at doAsserterAsyncAndAddThen (C:\Users\NickC_4denkwr\Desktop\Vereavement\vereavement-contracts\node_modules\chai-as-promised\lib\chai-as-promised.js:289:22)
      at Proxy.<anonymous> (C:\Users\NickC_4denkwr\Desktop\Vereavement\vereavement-contracts\node_modules\chai-as-promised\lib\chai-as-promised.js:255:20)
      at Proxy.overwritingMethodWrapper (C:\Users\NickC_4denkwr\Desktop\Vereavement\vereavement-contracts\node_modules\chai\lib\chai\utils\overwriteMethod.js:78:33)
      at Context.<anonymous> (C:\Users\NickC_4denkwr\Desktop\Vereavement\vereavement-contracts\test\security-audit.test.js:667:31)

  34) ≡ƒöÆ Security Audit - Hybrid OBOL System
       ≡ƒÄ» Advanced Logic Vulnerabilities
         Should prevent inheritance claims after beneficiary removal:
     HardhatError: HH17: The input value cannot be normalized to a BigInt: Unsupported type undefined
      at normalizeToBigInt (C:\Users\NickC_4denkwr\Desktop\Vereavement\vereavement-contracts\node_modules\hardhat\src\common\bigInt.ts:47:13)
      at Proxy.<anonymous> (C:\Users\NickC_4denkwr\Desktop\Vereavement\vereavement-contracts\node_modules\@nomicfoundation\hardhat-chai-matchers\src\internal\bigNumber.ts:171:41)
      at Proxy.overwritingMethodWrapper (C:\Users\NickC_4denkwr\Desktop\Vereavement\vereavement-contracts\node_modules\chai\lib\chai\utils\overwriteMethod.js:78:33)
      at doAsserterAsyncAndAddThen (C:\Users\NickC_4denkwr\Desktop\Vereavement\vereavement-contracts\node_modules\chai-as-promised\lib\chai-as-promised.js:289:22)
      at Proxy.<anonymous> (C:\Users\NickC_4denkwr\Desktop\Vereavement\vereavement-contracts\node_modules\chai-as-promised\lib\chai-as-promised.js:255:20)
      at Proxy.overwritingMethodWrapper (C:\Users\NickC_4denkwr\Desktop\Vereavement\vereavement-contracts\node_modules\chai\lib\chai\utils\overwriteMethod.js:78:33)
      at Context.<anonymous> (C:\Users\NickC_4denkwr\Desktop\Vereavement\vereavement-contracts\test\security-audit.test.js:684:31)

  35) ≡ƒöÆ Security Audit - Hybrid OBOL System
       ≡ƒÄ» Advanced Logic Vulnerabilities
         Should prevent multiple death verifications:
     Error: VM Exception while processing transaction: reverted with custom error 'AccessControlUnauthorizedAccount("0x15d34AAf54267DB7D7c367839AAf71A00a2C6A65", "0x0ce23c3e399818cfee81a7ab0880f714e53d7672b08df0fa62f2843416e1ea09")'
    at Sarcophagus._checkRole (@openzeppelin/contracts/access/AccessControl.sol:96)
    at EdrProviderWrapper.request (node_modules\hardhat\src\internal\hardhat-network\provider\provider.ts:359:41)
    at HardhatEthersSigner.sendTransaction (node_modules\@nomicfoundation\hardhat-ethers\src\signers.ts:181:18)
    at send (node_modules\ethers\src.ts\contract\contract.ts:313:20)
    at Proxy.verifyDeath (node_modules\ethers\src.ts\contract\contract.ts:352:16)
    at Context.<anonymous> (test\security-audit.test.js:697:7)
  

  36) ≡ƒöÆ Security Audit - Hybrid OBOL System
       ≡ƒÄ» Advanced Logic Vulnerabilities
         Should prevent inheritance claims with invalid beneficiary percentages:
     AssertionError: Expected transaction to be reverted with custom error 'TotalPercentageNot100', but it reverted with custom error 'InvalidBeneficiaryCount'
      at Context.<anonymous> (test\security-audit.test.js:709:7)

  37) ≡ƒöÆ Security Audit - Hybrid OBOL System
       ≡ƒÄ» Advanced Logic Vulnerabilities
         Should prevent inheritance claims with zero beneficiaries:
     Error: no matching fragment (operation="fragment", info={ "args": [ [  ], [  ] ], "key": "createSarcophagus" }, code=UNSUPPORTED_OPERATION, version=6.15.0)
      at makeError (node_modules\ethers\src.ts\utils\errors.ts:698:21)
      at assert (node_modules\ethers\src.ts\utils\errors.ts:719:25)
      at getFragment (node_modules\ethers\src.ts\contract\contract.ts:270:15)
      at Proxy.createSarcophagus (node_modules\ethers\src.ts\contract\contract.ts:350:26)
      at Context.<anonymous> (test\security-audit.test.js:719:36)

  38) ≡ƒöÆ Security Audit - Hybrid OBOL System
       ≡ƒöÉ Advanced Access Control
         Should prevent unauthorized oracle operations:
     Error: no matching fragment (operation="fragment", info={ "args": [ "0x70997970C51812dc3A010C7d01b50e0d17dc79C8", 1752677351, 80, 85, "ipfs://fake-death-certificate" ], "key": "verifyDeath" }, code=UNSUPPORTED_OPERATION, version=6.15.0)
      at makeError (node_modules\ethers\src.ts\utils\errors.ts:698:21)
      at assert (node_modules\ethers\src.ts\utils\errors.ts:719:25)
      at getFragment (node_modules\ethers\src.ts\contract\contract.ts:270:15)
      at Proxy.verifyDeath (node_modules\ethers\src.ts\contract\contract.ts:350:26)
      at Context.<anonymous> (test\security-audit.test.js:753:39)

  39) ≡ƒöÆ Security Audit - Hybrid OBOL System
       ≡ƒôè Advanced Precision and Overflow Protection
         Should handle extreme reward calculations without overflow:
     ProviderError: Sender doesn't have enough funds to send tx. The max upfront cost is: 100030000000000000000 and the sender's balance is: 9999815563000000000.
      at EdrProviderWrapper.request (C:\Users\NickC_4denkwr\Desktop\Vereavement\vereavement-contracts\node_modules\hardhat\src\internal\hardhat-network\provider\provider.ts:368:19)
      at HardhatEthersSigner.sendTransaction (C:\Users\NickC_4denkwr\Desktop\Vereavement\vereavement-contracts\node_modules\@nomicfoundation\hardhat-ethers\src\signers.ts:181:18)
      at send (C:\Users\NickC_4denkwr\Desktop\Vereavement\vereavement-contracts\node_modules\ethers\src.ts\contract\contract.ts:313:20)
      at Proxy.depositTokens (C:\Users\NickC_4denkwr\Desktop\Vereavement\vereavement-contracts\node_modules\ethers\src.ts\contract\contract.ts:352:16)
      at Context.<anonymous> (C:\Users\NickC_4denkwr\Desktop\Vereavement\vereavement-contracts\test\security-audit.test.js:779:7)

  40) ≡ƒöÆ Security Audit - Hybrid OBOL System
       ≡ƒôè Advanced Precision and Overflow Protection
         Should prevent integer overflow in beneficiary calculations:
     Error: no matching fragment (operation="fragment", info={ "args": [ [ "0x4679D470eDcED599f2eAe814407B7E92A3ef7766", "0x2eBB16a111fBD25B61B52C738831Fd2f44CF5D55", "0xb72559ed6d31d97C9CDF0E7DbE9D7cDC136B69e3", "0x82B7d45b522ffB8f7470aa3d8095573Fd7e56FA8", "0x3285E7C08F7a3A7be890C6443e886445a9e8c058" ], [ 2000, 2000, 2000, 2000, 2000 ] ], "key": "createSarcophagus" }, code=UNSUPPORTED_OPERATION, version=6.15.0)
      at makeError (node_modules\ethers\src.ts\utils\errors.ts:698:21)
      at assert (node_modules\ethers\src.ts\utils\errors.ts:719:25)
      at getFragment (node_modules\ethers\src.ts\contract\contract.ts:270:15)
      at Proxy.createSarcophagus (node_modules\ethers\src.ts\contract\contract.ts:350:26)
      at Context.<anonymous> (test\security-audit.test.js:817:36)

  41) ≡ƒöÆ Security Audit - Hybrid OBOL System
       ≡ƒòÉ Advanced Time-based Protection
         Should handle leap year calculations correctly:
     Error: VM Exception while processing transaction: reverted with custom error 'NoRewardsToClaim()'
    at OBOL.claimContinuousRewards (contracts/OBOL.sol:159)
    at Sarcophagus.claimObolRewards (contracts/Sarcophagus.sol:551)
    at EdrProviderWrapper.request (node_modules\hardhat\src\internal\hardhat-network\provider\provider.ts:359:41)
    at HardhatEthersSigner.sendTransaction (node_modules\@nomicfoundation\hardhat-ethers\src\signers.ts:181:18)
    at send (node_modules\ethers\src.ts\contract\contract.ts:313:20)
    at Proxy.claimObolRewards (node_modules\ethers\src.ts\contract\contract.ts:352:16)
    at Context.<anonymous> (test\security-audit.test.js:836:7)
  

  42) ≡ƒöÆ Security Audit - Hybrid OBOL System
       ≡ƒòÉ Advanced Time-based Protection
         Should handle time zone edge cases:
     Error: VM Exception while processing transaction: reverted with custom error 'NoRewardsToClaim()'
    at OBOL.claimContinuousRewards (contracts/OBOL.sol:159)
    at Sarcophagus.claimObolRewards (contracts/Sarcophagus.sol:551)
    at EdrProviderWrapper.request (node_modules\hardhat\src\internal\hardhat-network\provider\provider.ts:359:41)
    at HardhatEthersSigner.sendTransaction (node_modules\@nomicfoundation\hardhat-ethers\src\signers.ts:181:18)
    at send (node_modules\ethers\src.ts\contract\contract.ts:313:20)
    at Proxy.claimObolRewards (node_modules\ethers\src.ts\contract\contract.ts:352:16)
    at Context.<anonymous> (test\security-audit.test.js:855:7)
  

  43) ≡ƒöÆ Security Audit - Hybrid OBOL System
       ≡ƒòÉ Advanced Time-based Protection
         Should prevent time manipulation through block timestamp:
     Error: VM Exception while processing transaction: reverted with custom error 'NoRewardsToClaim()'
    at OBOL.claimContinuousRewards (contracts/OBOL.sol:159)
    at Sarcophagus.claimObolRewards (contracts/Sarcophagus.sol:551)
    at EdrProviderWrapper.request (node_modules\hardhat\src\internal\hardhat-network\provider\provider.ts:359:41)
    at HardhatEthersSigner.sendTransaction (node_modules\@nomicfoundation\hardhat-ethers\src\signers.ts:181:18)
    at send (node_modules\ethers\src.ts\contract\contract.ts:313:20)
    at Proxy.claimObolRewards (node_modules\ethers\src.ts\contract\contract.ts:352:16)
    at Context.<anonymous> (test\security-audit.test.js:875:7)
  

  44) ≡ƒöÆ Security Audit - Hybrid OBOL System
       ≡ƒÄ¡ Advanced Front-running Protection
         Should prevent MEV attacks on inheritance claims:
     Error: no matching fragment (operation="fragment", info={ "args": [ "0x70997970C51812dc3A010C7d01b50e0d17dc79C8", 1752677353, 80, 85, "ipfs://death-certificate" ], "key": "verifyDeath" }, code=UNSUPPORTED_OPERATION, version=6.15.0)
      at makeError (node_modules\ethers\src.ts\utils\errors.ts:698:21)
      at assert (node_modules\ethers\src.ts\utils\errors.ts:719:25)
      at getFragment (node_modules\ethers\src.ts\contract\contract.ts:270:15)
      at Proxy.verifyDeath (node_modules\ethers\src.ts\contract\contract.ts:350:26)
      at Context.<anonymous> (test\security-audit.test.js:889:41)

  45) ≡ƒöÆ Security Audit - Hybrid OBOL System
       ≡ƒöì Input Validation
         Should validate life expectancy calculations:
     Error: no matching fragment (operation="fragment", info={ "args": [ "0x70997970C51812dc3A010C7d01b50e0d17dc79C8", 1752677354, 80, 75, "ipfs://death-certificate" ], "key": "verifyDeath" }, code=UNSUPPORTED_OPERATION, version=6.15.0)
      at makeError (node_modules\ethers\src.ts\utils\errors.ts:698:21)
      at assert (node_modules\ethers\src.ts\utils\errors.ts:719:25)
      at getFragment (node_modules\ethers\src.ts\contract\contract.ts:270:15)
      at Proxy.verifyDeath (node_modules\ethers\src.ts\contract\contract.ts:350:26)
      at Context.<anonymous> (test\security-audit.test.js:927:37)

  46) ≡ƒöÆ Security Audit - Hybrid OBOL System
       ≡ƒÜ¿ Advanced DoS Protection
         Should prevent event spam attacks:
     Error: VM Exception while processing transaction: reverted with custom error 'NoRewardsToClaim()'
    at OBOL.claimContinuousRewards (contracts/OBOL.sol:159)
    at Sarcophagus.claimObolRewards (contracts/Sarcophagus.sol:551)
    at EdrProviderWrapper.request (node_modules\hardhat\src\internal\hardhat-network\provider\provider.ts:359:41)
    at HardhatEthersSigner.sendTransaction (node_modules\@nomicfoundation\hardhat-ethers\src\signers.ts:181:18)
    at send (node_modules\ethers\src.ts\contract\contract.ts:313:20)
    at Proxy.claimObolRewards (node_modules\ethers\src.ts\contract\contract.ts:352:16)
    at Context.<anonymous> (test\security-audit.test.js:972:9)
  

  47) ≡ƒöÆ Security Audit - Hybrid OBOL System
       ≡ƒÜ¿ Advanced DoS Protection
         Should prevent cross-function reentrancy DoS:
     AssertionError: Expected transaction NOT to be reverted
      at Context.<anonymous> (test\security-audit.test.js:1009:7)

  48) ≡ƒöÆ Security Audit - Hybrid OBOL System
       ≡ƒÜ¿ Advanced DoS Protection
         Should prevent block gas limit attacks:
     Error: no matching fragment (operation="fragment", info={ "args": [ [ "0x945AD5283A90cd120F32fd43bDD69E1A626259e1", "0x10619F266631C4057Fdbe7c8eB7A610A4d1f9504", "0x052E5653cb69527aa2C61a997577965fd742044f" ], [ 3333, 3333, 3333 ] ], "key": "createSarcophagus" }, code=UNSUPPORTED_OPERATION, version=6.15.0)
      at makeError (node_modules\ethers\src.ts\utils\errors.ts:698:21)
      at assert (node_modules\ethers\src.ts\utils\errors.ts:719:25)
      at getFragment (node_modules\ethers\src.ts\contract\contract.ts:270:15)
      at Proxy.createSarcophagus (node_modules\ethers\src.ts\contract\contract.ts:350:26)
      at Context.<anonymous> (test\security-audit.test.js:1035:36)

  49) ≡ƒöÆ Security Audit - Hybrid OBOL System
       ≡ƒÜ¿ Advanced DoS Protection
         Should prevent memory exhaustion through large data structures:
     Error: no matching fragment (operation="fragment", info={ "args": [ [ "0x3C44CdDdB6a900fa2b585dd299e03d12FA4293BC", "0x90F79bf6EB2c4f870365E785982E1f101E93b906" ], [ 5000, 5000 ] ], "key": "createSarcophagus" }, code=UNSUPPORTED_OPERATION, version=6.15.0)
      at makeError (node_modules\ethers\src.ts\utils\errors.ts:698:21)
      at assert (node_modules\ethers\src.ts\utils\errors.ts:719:25)
      at getFragment (node_modules\ethers\src.ts\contract\contract.ts:270:15)
      at Proxy.createSarcophagus (node_modules\ethers\src.ts\contract\contract.ts:350:26)
      at Context.<anonymous> (test\security-audit.test.js:1048:36)

  50) ≡ƒöÆ Security Audit - Hybrid OBOL System
       ≡ƒÜ¿ Advanced DoS Protection
         Should prevent deep call stack attacks:
     Error: no matching fragment (operation="fragment", info={ "args": [ "0x70997970C51812dc3A010C7d01b50e0d17dc79C8", 1752677356, 80, 85, "ipfs://death-certificate" ], "key": "verifyDeath" }, code=UNSUPPORTED_OPERATION, version=6.15.0)
      at makeError (node_modules\ethers\src.ts\utils\errors.ts:698:21)
      at assert (node_modules\ethers\src.ts\utils\errors.ts:719:25)
      at getFragment (node_modules\ethers\src.ts\contract\contract.ts:270:15)
      at Proxy.verifyDeath (node_modules\ethers\src.ts\contract\contract.ts:350:26)
      at Context.<anonymous> (test\security-audit.test.js:1060:41)

  51) ≡ƒöÆ Security Audit - Hybrid OBOL System
       ≡ƒº¬ Advanced Security & Fuzzing
         Invariant: total inheritance never exceeds deposited amount:
     Error: VM Exception while processing transaction: reverted with custom error 'InvalidBeneficiaryCount()'
    at Sarcophagus._validateArrayLengths (contracts/Sarcophagus.sol:366)
    at EdrProviderWrapper.request (node_modules\hardhat\src\internal\hardhat-network\provider\provider.ts:359:41)
    at HardhatEthersSigner.sendTransaction (node_modules\@nomicfoundation\hardhat-ethers\src\signers.ts:181:18)
    at send (node_modules\ethers\src.ts\contract\contract.ts:313:20)
    at Proxy.createSarcophagus (node_modules\ethers\src.ts\contract\contract.ts:352:16)
    at Context.<anonymous> (test\security-audit.test.js:1174:7)
  

  52) ≡ƒöÆ Security Audit - Hybrid OBOL System
       ≡ƒº¬ Advanced Security & Fuzzing
         Should resist Sybil attacks (many accounts farming rewards):
     TypeError: sarcophagus.connect(...).verifyUser is not a function
      at Context.<anonymous> (test\security-audit.test.js:1196:42)

  53) ≡ƒöÆ Security Audit - Hybrid OBOL System
       ≡ƒº¬ Advanced Security & Fuzzing
         Should prevent malicious oracle from verifying false deaths:
     Error: no matching fragment (operation="fragment", info={ "args": [ "0x70997970C51812dc3A010C7d01b50e0d17dc79C8", 1752677358, 80, 85, "ipfs://fake-death" ], "key": "verifyDeath" }, code=UNSUPPORTED_OPERATION, version=6.15.0)
      at makeError (node_modules\ethers\src.ts\utils\errors.ts:698:21)
      at assert (node_modules\ethers\src.ts\utils\errors.ts:719:25)
      at getFragment (node_modules\ethers\src.ts\contract\contract.ts:270:15)
      at Proxy.verifyDeath (node_modules\ethers\src.ts\contract\contract.ts:350:26)
      at Context.<anonymous> (test\security-audit.test.js:1212:39)

  54) ≡ƒöÆ Security Audit - Hybrid OBOL System
       ≡ƒº¬ Advanced Security & Fuzzing
         Should handle oracle downtime (no verifications for a period):
     Error: no matching fragment (operation="fragment", info={ "args": [ "0x70997970C51812dc3A010C7d01b50e0d17dc79C8" ], "key": "claimInheritance" }, code=UNSUPPORTED_OPERATION, version=6.15.0)
      at makeError (node_modules\ethers\src.ts\utils\errors.ts:698:21)
      at assert (node_modules\ethers\src.ts\utils\errors.ts:719:25)
      at getFragment (node_modules\ethers\src.ts\contract\contract.ts:270:15)
      at Proxy.claimInheritance (node_modules\ethers\src.ts\contract\contract.ts:350:26)
      at Context.<anonymous> (test\security-audit.test.js:1224:36)

  55) ≡ƒöÆ Security Audit - Hybrid OBOL System
       ≡ƒº¬ Advanced Security & Fuzzing
         Should handle simultaneous inheritance claims (race condition):
     Error: VM Exception while processing transaction: reverted with custom error 'InvalidBeneficiaryCount()'
    at Sarcophagus._validateArrayLengths (contracts/Sarcophagus.sol:366)
    at EdrProviderWrapper.request (node_modules\hardhat\src\internal\hardhat-network\provider\provider.ts:359:41)
    at HardhatEthersSigner.sendTransaction (node_modules\@nomicfoundation\hardhat-ethers\src\signers.ts:181:18)
    at send (node_modules\ethers\src.ts\contract\contract.ts:313:20)
    at Proxy.createSarcophagus (node_modules\ethers\src.ts\contract\contract.ts:352:16)
    at Context.<anonymous> (test\security-audit.test.js:1230:7)
  

  56) ≡ƒöÆ Security Audit - Hybrid OBOL System
       ≡ƒº¬ Advanced Security & Fuzzing
         Should handle block.timestamp and block.number edge cases:
     Error: VM Exception while processing transaction: reverted with custom error 'NoRewardsToClaim()'
    at OBOL.claimContinuousRewards (contracts/OBOL.sol:159)
    at Sarcophagus.claimObolRewards (contracts/Sarcophagus.sol:551)
    at EdrProviderWrapper.request (node_modules\hardhat\src\internal\hardhat-network\provider\provider.ts:359:41)
    at HardhatEthersSigner.sendTransaction (node_modules\@nomicfoundation\hardhat-ethers\src\signers.ts:181:18)
    at send (node_modules\ethers\src.ts\contract\contract.ts:313:20)
    at Proxy.claimObolRewards (node_modules\ethers\src.ts\contract\contract.ts:352:16)
    at Context.<anonymous> (test\security-audit.test.js:1276:7)
  



